Script started on 2020-03-09 17:06:14+0000
]0;vagrant@IT340Midterm: ~[01;32mvagrant@IT340Midterm[00m:[01;34m~[00m$ [K]0;vagrant@IT340Midterm: ~[01;32mvagrant@IT340Midterm[00m:[01;34m~[00m$ [K]0;vagrant@IT340Midterm: ~[01;32mvagrant@IT340Midterm[00m:[01;34m~[00m$ [K]0;vagrant@IT340Midterm: ~[01;32mvagrant@IT340Midterm[00m:[01;34m~[00m$ [K]0;vagrant@IT340Midterm: ~[01;32mvagrant@IT340Midterm[00m:[01;34m~[00m$ [K]0;vagrant@IT340Midterm: ~[01;32mvagrant@IT340Midterm[00m:[01;34m~[00m$ [K]0;vagrant@IT340Midterm: ~[01;32mvagrant@IT340Midterm[00m:[01;34m~[00m$ [K]0;vagrant@IT340Midterm: ~[01;32mvagrant@IT340Midterm[00m:[01;34m~[00m$ [K]0;vagrant@IT340Midterm: ~[01;32mvagrant@IT340Midterm[00m:[01;34m~[00m$ [K]0;vagrant@IT340Midterm: ~[01;32mvagrant@IT340Midterm[00m:[01;34m~[00m$ [K]0;vagrant@IT340Midterm: ~[01;32mvagrant@IT340Midterm[00m:[01;34m~[00m$ [K]0;vagrant@IT340Midterm: ~[01;32mvagrant@IT340Midterm[00m:[01;34m~[00m$ [K]0;vagrant@IT340Midterm: ~[01;32mvagrant@IT340Midterm[00m:[01;34m~[00m$ [K]0;vagrant@IT340Midterm: ~[01;32mvagrant@IT340Midterm[00m:[01;34m~[00m$ [K]0;vagrant@IT340Midterm: ~[01;32mvagrant@IT340Midterm[00m:[01;34m~[00m$ [K]0;vagrant@IT340Midterm: ~[01;32mvagrant@IT340Midterm[00m:[01;34m~[00m$ [K]0;vagrant@IT340Midterm: ~[01;32mvagrant@IT340Midterm[00m:[01;34m~[00m$ [K]0;vagrant@IT340Midterm: ~[01;32mvagrant@IT340Midterm[00m:[01;34m~[00m$ [K]0;vagrant@IT340Midterm: ~[01;32mvagrant@IT340Midterm[00m:[01;34m~[00m$ [K]0;vagrant@IT340Midterm: ~[01;32mvagrant@IT340Midterm[00m:[01;34m~[00m$ [K]0;vagrant@IT340Midterm: ~[01;32mvagrant@IT340Midterm[00m:[01;34m~[00m$ [K]0;vagrant@IT340Midterm: ~[01;32mvagrant@IT340Midterm[00m:[01;34m~[00m$ [K]0;vagrant@IT340Midterm: ~[01;32mvagrant@IT340Midterm[00m:[01;34m~[00m$ [K]0;vagrant@IT340Midterm: ~[01;32mvagrant@IT340Midterm[00m:[01;34m~[00m$ [K]0;vagrant@IT340Midterm: ~[01;32mvagrant@IT340Midterm[00m:[01;34m~[00m$ [K]0;vagrant@IT340Midterm: ~[01;32mvagrant@IT340Midterm[00m:[01;34m~[00m$ [K]0;vagrant@IT340Midterm: ~[01;32mvagrant@IT340Midterm[00m:[01;34m~[00m$ [K]0;vagrant@IT340Midterm: ~[01;32mvagrant@IT340Midterm[00m:[01;34m~[00m$ [K]0;vagrant@IT340Midterm: ~[01;32mvagrant@IT340Midterm[00m:[01;34m~[00m$ ls
instructions.txt  mywork.txt
]0;vagrant@IT340Midterm: ~[01;32mvagrant@IT340Midterm[00m:[01;34m~[00m$ /var/log
bash: /var/log: Is a directory
]0;vagrant@IT340Midterm: ~[01;32mvagrant@IT340Midterm[00m:[01;34m~[00m$ cd /var/log
]0;vagrant@IT340Midterm: /var/log[01;32mvagrant@IT340Midterm[00m:[01;34m/var/log[00m$ ls
alternatives.log  [0m[01;34mapt[0m       boot.log       btmp          dpkg.log  [01;34mjournal[0m   [01;34mlandscape[0m  [01;34mlxd[0m    syslog    vboxadd-install.log  vboxadd-setup.log.1  wtmp
[01;34mapache2[0m           auth.log  bootstrap.log  [01;34mdist-upgrade[0m  faillog   kern.log  lastlog    [01;34msamba[0m  tallylog  vboxadd-setup.log    vboxadd-setup.log.2
]0;vagrant@IT340Midterm: /var/log[01;32mvagrant@IT340Midterm[00m:[01;34m/var/log[00m$ cat faillog
]0;vagrant@IT340Midterm: /var/log[01;32mvagrant@IT340Midterm[00m:[01;34m/var/log[00m$ cat syslog
Feb  4 21:07:03 vagrant systemd[1]: Reloading.
Feb  4 21:11:35 vagrant systemd[1]: Stopped target Timers.
Feb  4 21:11:35 vagrant systemd[1]: Stopped Message of the Day.
Feb  4 21:11:35 vagrant systemd[1]: Stopped Discard unused blocks once a week.
Feb  4 21:11:35 vagrant systemd[1]: Stopped Daily Cleanup of Temporary Directories.
Feb  4 21:11:35 vagrant systemd[1]: Stopping LVM2 PV scan on device 8:1...
Feb  4 21:11:35 vagrant systemd[1]: Stopped target RPC Port Mapper.
Feb  4 21:11:35 vagrant systemd[1]: Closed Load/Save RF Kill Switch Status /dev/rfkill Watch.
Feb  4 21:11:35 vagrant systemd[1]: Stopping Authorization Manager...
Feb  4 21:11:35 vagrant systemd[1]: Stopped target System Time Synchronized.
Feb  4 21:11:35 vagrant systemd[1]: Stopped target Graphical Interface.
Feb  4 21:11:35 vagrant systemd[1]: Stopping Accounts Service...
Feb  4 21:11:35 vagrant systemd[1]: Stopping Availability of block devices...
Feb  4 21:11:35 vagrant systemd[1]: Stopped target Host and Network Name Lookups.
Feb  4 21:11:35 vagrant systemd[1]: Stopped target Network is Online.
Mar  9 17:01:48 vagrant kernel: [    0.000000] Linux version 4.15.0-76-generic (buildd@lcy01-amd64-029) (gcc version 7.4.0 (Ubuntu 7.4.0-1ubuntu1~18.04.1)) #86-Ubuntu SMP Fri Jan 17 17:24:28 UTC 2020 (Ubuntu 4.15.0-76.86-generic 4.15.18)
Mar  9 17:01:48 vagrant kernel: [    0.000000] Command line: BOOT_IMAGE=/boot/vmlinuz-4.15.0-76-generic root=/dev/mapper/vagrant--vg-root ro net.ifnames=0 biosdevname=0 quiet
Mar  9 17:01:48 vagrant kernel: [    0.000000] KERNEL supported cpus:
Mar  9 17:01:48 vagrant kernel: [    0.000000]   Intel GenuineIntel
Mar  9 17:01:48 vagrant kernel: [    0.000000]   AMD AuthenticAMD
Mar  9 17:01:48 vagrant kernel: [    0.000000]   Centaur CentaurHauls
Mar  9 17:01:48 vagrant kernel: [    0.000000] x86/fpu: Supporting XSAVE feature 0x001: 'x87 floating point registers'
Mar  9 17:01:48 vagrant kernel: [    0.000000] x86/fpu: Supporting XSAVE feature 0x002: 'SSE registers'
Mar  9 17:01:48 vagrant kernel: [    0.000000] x86/fpu: Supporting XSAVE feature 0x004: 'AVX registers'
Mar  9 17:01:48 vagrant kernel: [    0.000000] x86/fpu: xstate_offset[2]:  576, xstate_sizes[2]:  256
Mar  9 17:01:48 vagrant kernel: [    0.000000] x86/fpu: Enabled xstate features 0x7, context size is 832 bytes, using 'standard' format.
Mar  9 17:01:48 vagrant kernel: [    0.000000] e820: BIOS-provided physical RAM map:
Mar  9 17:01:48 vagrant kernel: [    0.000000] BIOS-e820: [mem 0x0000000000000000-0x000000000009fbff] usable
Mar  9 17:01:48 vagrant kernel: [    0.000000] BIOS-e820: [mem 0x000000000009fc00-0x000000000009ffff] reserved
Mar  9 17:01:48 vagrant kernel: [    0.000000] BIOS-e820: [mem 0x00000000000f0000-0x00000000000fffff] reserved
Mar  9 17:01:48 vagrant kernel: [    0.000000] BIOS-e820: [mem 0x0000000000100000-0x000000001ffeffff] usable
Mar  9 17:01:48 vagrant kernel: [    0.000000] BIOS-e820: [mem 0x000000001fff0000-0x000000001fffffff] ACPI data
Mar  9 17:01:48 vagrant kernel: [    0.000000] BIOS-e820: [mem 0x00000000fec00000-0x00000000fec00fff] reserved
Mar  9 17:01:48 vagrant kernel: [    0.000000] BIOS-e820: [mem 0x00000000fee00000-0x00000000fee00fff] reserved
Mar  9 17:01:48 vagrant kernel: [    0.000000] BIOS-e820: [mem 0x00000000fffc0000-0x00000000ffffffff] reserved
Mar  9 17:01:48 vagrant kernel: [    0.000000] NX (Execute Disable) protection: active
Mar  9 17:01:48 vagrant kernel: [    0.000000] SMBIOS 2.5 present.
Mar  9 17:01:48 vagrant kernel: [    0.000000] DMI: innotek GmbH VirtualBox/VirtualBox, BIOS VirtualBox 12/01/2006
Mar  9 17:01:48 vagrant kernel: [    0.000000] Hypervisor detected: KVM
Mar  9 17:01:48 vagrant kernel: [    0.000000] e820: update [mem 0x00000000-0x00000fff] usable ==> reserved
Mar  9 17:01:48 vagrant kernel: [    0.000000] e820: remove [mem 0x000a0000-0x000fffff] usable
Mar  9 17:01:48 vagrant kernel: [    0.000000] e820: last_pfn = 0x1fff0 max_arch_pfn = 0x400000000
Mar  9 17:01:48 vagrant kernel: [    0.000000] MTRR default type: uncachable
Mar  9 17:01:48 vagrant kernel: [    0.000000] MTRR variable ranges disabled:
Mar  9 17:01:48 vagrant kernel: [    0.000000] MTRR: Disabled
Mar  9 17:01:48 vagrant kernel: [    0.000000] x86/PAT: MTRRs disabled, skipping PAT initialization too.
Mar  9 17:01:48 vagrant kernel: [    0.000000] CPU MTRRs all blank - virtualized system.
Mar  9 17:01:48 vagrant kernel: [    0.000000] x86/PAT: Configuration [0-7]: WB  WT  UC- UC  WB  WT  UC- UC  
Mar  9 17:01:48 vagrant kernel: [    0.000000] found SMP MP-table at [mem 0x0009fff0-0x0009ffff]
Mar  9 17:01:48 vagrant kernel: [    0.000000] Scanning 1 areas for low memory corruption
Mar  9 17:01:48 vagrant kernel: [    0.000000] BRK [0x0d18e000, 0x0d18efff] PGTABLE
Mar  9 17:01:48 vagrant kernel: [    0.000000] BRK [0x0d18f000, 0x0d18ffff] PGTABLE
Mar  9 17:01:48 vagrant kernel: [    0.000000] BRK [0x0d190000, 0x0d190fff] PGTABLE
Mar  9 17:01:48 vagrant kernel: [    0.000000] BRK [0x0d191000, 0x0d191fff] PGTABLE
Mar  9 17:01:48 vagrant kernel: [    0.000000] BRK [0x0d192000, 0x0d192fff] PGTABLE
Mar  9 17:01:48 vagrant kernel: [    0.000000] RAMDISK: [mem 0x1aeda000-0x1e659fff]
Mar  9 17:01:48 vagrant kernel: [    0.000000] ACPI: Early table checksum verification disabled
Mar  9 17:01:48 vagrant kernel: [    0.000000] ACPI: RSDP 0x00000000000E0000 000024 (v02 VBOX  )
Mar  9 17:01:48 vagrant kernel: [    0.000000] ACPI: XSDT 0x000000001FFF0030 00003C (v01 VBOX   VBOXXSDT 00000001 ASL  00000061)
Mar  9 17:01:48 vagrant kernel: [    0.000000] ACPI: FACP 0x000000001FFF00F0 0000F4 (v04 VBOX   VBOXFACP 00000001 ASL  00000061)
Mar  9 17:01:48 vagrant kernel: [    0.000000] ACPI: DSDT 0x000000001FFF0470 002325 (v02 VBOX   VBOXBIOS 00000002 INTL 20100528)
Mar  9 17:01:48 vagrant kernel: [    0.000000] ACPI: FACS 0x000000001FFF0200 000040
Mar  9 17:01:48 vagrant kernel: [    0.000000] ACPI: FACS 0x000000001FFF0200 000040
Mar  9 17:01:48 vagrant kernel: [    0.000000] ACPI: APIC 0x000000001FFF0240 000054 (v02 VBOX   VBOXAPIC 00000001 ASL  00000061)
Mar  9 17:01:48 vagrant kernel: [    0.000000] ACPI: SSDT 0x000000001FFF02A0 0001CC (v01 VBOX   VBOXCPUT 00000002 INTL 20100528)
Mar  9 17:01:48 vagrant kernel: [    0.000000] ACPI: Local APIC address 0xfee00000
Mar  9 17:01:48 vagrant kernel: [    0.000000] No NUMA configuration found
Mar  9 17:01:48 vagrant kernel: [    0.000000] Faking a node at [mem 0x0000000000000000-0x000000001ffeffff]
Mar  9 17:01:48 vagrant kernel: [    0.000000] NODE_DATA(0) allocated [mem 0x1ffc5000-0x1ffeffff]
Mar  9 17:01:48 vagrant kernel: [    0.000000] kvm-clock: cpu 0, msr 0:1ff44001, primary cpu clock
Mar  9 17:01:48 vagrant kernel: [    0.000000] kvm-clock: Using msrs 4b564d01 and 4b564d00
Mar  9 17:01:48 vagrant kernel: [    0.000000] kvm-clock: using sched offset of 6042460360 cycles
Mar  9 17:01:48 vagrant kernel: [    0.000000] clocksource: kvm-clock: mask: 0xffffffffffffffff max_cycles: 0x1cd42e4dffb, max_idle_ns: 881590591483 ns
Mar  9 17:01:48 vagrant kernel: [    0.000000] Zone ranges:
Mar  9 17:01:48 vagrant kernel: [    0.000000]   DMA      [mem 0x0000000000001000-0x0000000000ffffff]
Mar  9 17:01:48 vagrant kernel: [    0.000000]   DMA32    [mem 0x0000000001000000-0x000000001ffeffff]
Mar  9 17:01:48 vagrant kernel: [    0.000000]   Normal   empty
Mar  9 17:01:48 vagrant kernel: [    0.000000]   Device   empty
Mar  9 17:01:48 vagrant kernel: [    0.000000] Movable zone start for each node
Mar  9 17:01:48 vagrant kernel: [    0.000000] Early memory node ranges
Mar  9 17:01:48 vagrant kernel: [    0.000000]   node   0: [mem 0x0000000000001000-0x000000000009efff]
Mar  9 17:01:48 vagrant kernel: [    0.000000]   node   0: [mem 0x0000000000100000-0x000000001ffeffff]
Mar  9 17:01:48 vagrant kernel: [    0.000000] Reserved but unavailable: 98 pages
Mar  9 17:01:48 vagrant kernel: [    0.000000] Initmem setup node 0 [mem 0x0000000000001000-0x000000001ffeffff]
Mar  9 17:01:48 vagrant kernel: [    0.000000] On node 0 totalpages: 130958
Mar  9 17:01:48 vagrant kernel: [    0.000000]   DMA zone: 64 pages used for memmap
Mar  9 17:01:48 vagrant kernel: [    0.000000]   DMA zone: 21 pages reserved
Mar  9 17:01:48 vagrant kernel: [    0.000000]   DMA zone: 3998 pages, LIFO batch:0
Mar  9 17:01:48 vagrant kernel: [    0.000000]   DMA32 zone: 1984 pages used for memmap
Mar  9 17:01:48 vagrant kernel: [    0.000000]   DMA32 zone: 126960 pages, LIFO batch:31
Mar  9 17:01:48 vagrant kernel: [    0.000000] ACPI: PM-Timer IO Port: 0x4008
Mar  9 17:01:48 vagrant kernel: [    0.000000] ACPI: Local APIC address 0xfee00000
Mar  9 17:01:48 vagrant kernel: [    0.000000] IOAPIC[0]: apic_id 1, version 32, address 0xfec00000, GSI 0-23
Mar  9 17:01:48 vagrant kernel: [    0.000000] ACPI: INT_SRC_OVR (bus 0 bus_irq 0 global_irq 2 dfl dfl)
Mar  9 17:01:48 vagrant kernel: [    0.000000] ACPI: INT_SRC_OVR (bus 0 bus_irq 9 global_irq 9 low level)
Mar  9 17:01:48 vagrant kernel: [    0.000000] ACPI: IRQ0 used by override.
Mar  9 17:01:48 vagrant kernel: [    0.000000] ACPI: IRQ9 used by override.
Mar  9 17:01:48 vagrant kernel: [    0.000000] Using ACPI (MADT) for SMP configuration information
Mar  9 17:01:48 vagrant kernel: [    0.000000] smpboot: Allowing 1 CPUs, 0 hotplug CPUs
Mar  9 17:01:48 vagrant kernel: [    0.000000] PM: Registered nosave memory: [mem 0x00000000-0x00000fff]
Mar  9 17:01:48 vagrant kernel: [    0.000000] PM: Registered nosave memory: [mem 0x0009f000-0x0009ffff]
Mar  9 17:01:48 vagrant kernel: [    0.000000] PM: Registered nosave memory: [mem 0x000a0000-0x000effff]
Mar  9 17:01:48 vagrant kernel: [    0.000000] PM: Registered nosave memory: [mem 0x000f0000-0x000fffff]
Mar  9 17:01:48 vagrant kernel: [    0.000000] e820: [mem 0x20000000-0xfebfffff] available for PCI devices
Mar  9 17:01:48 vagrant kernel: [    0.000000] Booting paravirtualized kernel on KVM
Mar  9 17:01:48 vagrant kernel: [    0.000000] clocksource: refined-jiffies: mask: 0xffffffff max_cycles: 0xffffffff, max_idle_ns: 7645519600211568 ns
Mar  9 17:01:48 vagrant kernel: [    0.000000] random: get_random_bytes called from start_kernel+0x99/0x4fd with crng_init=0
Mar  9 17:01:48 vagrant kernel: [    0.000000] setup_percpu: NR_CPUS:8192 nr_cpumask_bits:1 nr_cpu_ids:1 nr_node_ids:1
Mar  9 17:01:48 vagrant kernel: [    0.000000] percpu: Embedded 45 pages/cpu s147456 r8192 d28672 u2097152
Mar  9 17:01:48 vagrant kernel: [    0.000000] pcpu-alloc: s147456 r8192 d28672 u2097152 alloc=1*2097152
Mar  9 17:01:48 vagrant kernel: [    0.000000] pcpu-alloc: [0] 0 
Mar  9 17:01:48 vagrant kernel: [    0.000000] PV qspinlock hash table entries: 256 (order: 0, 4096 bytes)
Mar  9 17:01:48 vagrant kernel: [    0.000000] Built 1 zonelists, mobility grouping on.  Total pages: 128889
Mar  9 17:01:48 vagrant kernel: [    0.000000] Policy zone: DMA32
Mar  9 17:01:48 vagrant kernel: [    0.000000] Kernel command line: BOOT_IMAGE=/boot/vmlinuz-4.15.0-76-generic root=/dev/mapper/vagrant--vg-root ro net.ifnames=0 biosdevname=0 quiet
Mar  9 17:01:48 vagrant kernel: [    0.000000] Calgary: detecting Calgary via BIOS EBDA area
Mar  9 17:01:48 vagrant kernel: [    0.000000] Calgary: Unable to locate Rio Grande table in EBDA - bailing!
Mar  9 17:01:48 vagrant kernel: [    0.000000] Memory: 429532K/523832K available (12300K kernel code, 2481K rwdata, 4260K rodata, 2428K init, 2704K bss, 94300K reserved, 0K cma-reserved)
Mar  9 17:01:48 vagrant kernel: [    0.000000] SLUB: HWalign=64, Order=0-3, MinObjects=0, CPUs=1, Nodes=1
Mar  9 17:01:48 vagrant kernel: [    0.000000] Kernel/User page tables isolation: enabled
Mar  9 17:01:48 vagrant kernel: [    0.000000] ftrace: allocating 39322 entries in 154 pages
Mar  9 17:01:48 vagrant kernel: [    0.004000] Hierarchical RCU implementation.
Mar  9 17:01:48 vagrant kernel: [    0.004000] 	RCU restricting CPUs from NR_CPUS=8192 to nr_cpu_ids=1.
Mar  9 17:01:48 vagrant kernel: [    0.004000] 	Tasks RCU enabled.
Mar  9 17:01:48 vagrant kernel: [    0.004000] RCU: Adjusting geometry for rcu_fanout_leaf=16, nr_cpu_ids=1
Mar  9 17:01:48 vagrant kernel: [    0.004000] NR_IRQS: 524544, nr_irqs: 256, preallocated irqs: 16
Mar  9 17:01:48 vagrant kernel: [    0.004000] Console: colour VGA+ 80x25
Mar  9 17:01:48 vagrant kernel: [    0.004000] console [tty0] enabled
Mar  9 17:01:48 vagrant kernel: [    0.004000] ACPI: Core revision 20170831
Mar  9 17:01:48 vagrant kernel: [    0.004000] ACPI: 2 ACPI AML tables successfully acquired and loaded
Mar  9 17:01:48 vagrant kernel: [    0.004000] APIC: Switch to symmetric I/O mode setup
Mar  9 17:01:48 vagrant kernel: [    0.004000] x2apic enabled
Mar  9 17:01:48 vagrant kernel: [    0.004000] Switched APIC routing to physical x2apic.
Mar  9 17:01:48 vagrant kernel: [    0.004000] ..TIMER: vector=0x30 apic1=0 pin1=2 apic2=-1 pin2=-1
Mar  9 17:01:48 vagrant kernel: [    0.004000] tsc: Detected 2400.002 MHz processor
Mar  9 17:01:48 vagrant kernel: [    0.004000] Calibrating delay loop (skipped) preset value.. 4800.00 BogoMIPS (lpj=9600008)
Mar  9 17:01:48 vagrant kernel: [    0.004000] pid_max: default: 32768 minimum: 301
Mar  9 17:01:48 vagrant kernel: [    0.004000] Security Framework initialized
Mar  9 17:01:48 vagrant kernel: [    0.004000] Yama: becoming mindful.
Mar  9 17:01:48 vagrant kernel: [    0.004000] AppArmor: AppArmor initialized
Mar  9 17:01:48 vagrant kernel: [    0.004050] Dentry cache hash table entries: 65536 (order: 7, 524288 bytes)
Mar  9 17:01:48 vagrant kernel: [    0.004113] Inode-cache hash table entries: 32768 (order: 6, 262144 bytes)
Mar  9 17:01:48 vagrant kernel: [    0.004129] Mount-cache hash table entries: 1024 (order: 1, 8192 bytes)
Mar  9 17:01:48 vagrant kernel: [    0.004133] Mountpoint-cache hash table entries: 1024 (order: 1, 8192 bytes)
Mar  9 17:01:48 vagrant kernel: [    0.004682] process: using mwait in idle threads
Mar  9 17:01:48 vagrant kernel: [    0.004693] Last level iTLB entries: 4KB 64, 2MB 8, 4MB 8
Mar  9 17:01:48 vagrant kernel: [    0.004695] Last level dTLB entries: 4KB 64, 2MB 0, 4MB 0, 1GB 4
Mar  9 17:01:48 vagrant kernel: [    0.004697] Spectre V1 : Mitigation: usercopy/swapgs barriers and __user pointer sanitization
Mar  9 17:01:48 vagrant kernel: [    0.004700] Spectre V2 : Mitigation: Full generic retpoline
Mar  9 17:01:48 vagrant kernel: [    0.004701] Spectre V2 : Spectre v2 / SpectreRSB mitigation: Filling RSB on context switch
Mar  9 17:01:48 vagrant kernel: [    0.004703] Speculative Store Bypass: Vulnerable
Mar  9 17:01:48 vagrant kernel: [    0.004802] MDS: Mitigation: Clear CPU buffers
Mar  9 17:01:48 vagrant kernel: [    0.041692] Freeing SMP alternatives memory: 36K
Mar  9 17:01:48 vagrant kernel: [    0.154173] smpboot: CPU0: Intel(R) Core(TM) i5-9300H CPU @ 2.40GHz (family: 0x6, model: 0x9e, stepping: 0xa)
Mar  9 17:01:48 vagrant kernel: [    0.154441] Performance Events: unsupported p6 CPU model 158 no PMU driver, software events only.
Mar  9 17:01:48 vagrant kernel: [    0.154509] Hierarchical SRCU implementation.
Mar  9 17:01:48 vagrant kernel: [    0.155664] NMI watchdog: Perf event create on CPU 0 failed with -2
Mar  9 17:01:48 vagrant kernel: [    0.155665] NMI watchdog: Perf NMI watchdog permanently disabled
Mar  9 17:01:48 vagrant kernel: [    0.155739] smp: Bringing up secondary CPUs ...
Mar  9 17:01:48 vagrant kernel: [    0.155741] smp: Brought up 1 node, 1 CPU
Mar  9 17:01:48 vagrant kernel: [    0.155743] smpboot: Max logical packages: 1
Mar  9 17:01:48 vagrant kernel: [    0.155745] smpboot: Total of 1 processors activated (4800.00 BogoMIPS)
Mar  9 17:01:48 vagrant kernel: [    0.155948] devtmpfs: initialized
Mar  9 17:01:48 vagrant kernel: [    0.156000] x86/mm: Memory block size: 128MB
Mar  9 17:01:48 vagrant kernel: [    0.156000] evm: security.selinux
Mar  9 17:01:48 vagrant kernel: [    0.156000] evm: security.SMACK64
Mar  9 17:01:48 vagrant kernel: [    0.156000] evm: security.SMACK64EXEC
Mar  9 17:01:48 vagrant kernel: [    0.156000] evm: security.SMACK64TRANSMUTE
Mar  9 17:01:48 vagrant kernel: [    0.156000] evm: security.SMACK64MMAP
Mar  9 17:01:48 vagrant kernel: [    0.156000] evm: security.apparmor
Mar  9 17:01:48 vagrant kernel: [    0.156000] evm: security.ima
Mar  9 17:01:48 vagrant kernel: [    0.156000] evm: security.capability
Mar  9 17:01:48 vagrant kernel: [    0.156000] clocksource: jiffies: mask: 0xffffffff max_cycles: 0xffffffff, max_idle_ns: 7645041785100000 ns
Mar  9 17:01:48 vagrant kernel: [    0.156000] futex hash table entries: 256 (order: 2, 16384 bytes)
Mar  9 17:01:48 vagrant kernel: [    0.156000] pinctrl core: initialized pinctrl subsystem
Mar  9 17:01:48 vagrant kernel: [    0.156000] RTC time: 17:01:38, date: 03/09/20
Mar  9 17:01:48 vagrant kernel: [    0.156000] NET: Registered protocol family 16
Mar  9 17:01:48 vagrant kernel: [    0.156000] audit: initializing netlink subsys (disabled)
Mar  9 17:01:48 vagrant kernel: [    0.156000] cpuidle: using governor ladder
Mar  9 17:01:48 vagrant kernel: [    0.156000] cpuidle: using governor menu
Mar  9 17:01:48 vagrant kernel: [    0.156000] ACPI: bus type PCI registered
Mar  9 17:01:48 vagrant kernel: [    0.156000] acpiphp: ACPI Hot Plug PCI Controller Driver version: 0.5
Mar  9 17:01:48 vagrant kernel: [    0.156000] PCI: Using configuration type 1 for base access
Mar  9 17:01:48 vagrant kernel: [    0.157842] audit: type=2000 audit(1583773305.858:1): state=initialized audit_enabled=0 res=1
Mar  9 17:01:48 vagrant kernel: [    0.157966] HugeTLB registered 2.00 MiB page size, pre-allocated 0 pages
Mar  9 17:01:48 vagrant kernel: [    0.158250] ACPI: Added _OSI(Module Device)
Mar  9 17:01:48 vagrant kernel: [    0.158252] ACPI: Added _OSI(Processor Device)
Mar  9 17:01:48 vagrant kernel: [    0.158253] ACPI: Added _OSI(3.0 _SCP Extensions)
Mar  9 17:01:48 vagrant kernel: [    0.158255] ACPI: Added _OSI(Processor Aggregator Device)
Mar  9 17:01:48 vagrant kernel: [    0.158259] ACPI: Added _OSI(Linux-Dell-Video)
Mar  9 17:01:48 vagrant kernel: [    0.158260] ACPI: Added _OSI(Linux-Lenovo-NV-HDMI-Audio)
Mar  9 17:01:48 vagrant kernel: [    0.158262] ACPI: Added _OSI(Linux-HPI-Hybrid-Graphics)
Mar  9 17:01:48 vagrant kernel: [    0.159190] ACPI: Executed 1 blocks of module-level executable AML code
Mar  9 17:01:48 vagrant kernel: [    0.172000] ACPI: Interpreter enabled
Mar  9 17:01:48 vagrant kernel: [    0.172000] ACPI: (supports S0 S5)
Mar  9 17:01:48 vagrant kernel: [    0.172000] ACPI: Using IOAPIC for interrupt routing
Mar  9 17:01:48 vagrant kernel: [    0.172835] PCI: Using host bridge windows from ACPI; if necessary, use "pci=nocrs" and report a bug
Mar  9 17:01:48 vagrant kernel: [    0.173383] ACPI: Enabled 2 GPEs in block 00 to 07
Mar  9 17:01:48 vagrant kernel: [    0.196220] ACPI: PCI Root Bridge [PCI0] (domain 0000 [bus 00-ff])
Mar  9 17:01:48 vagrant kernel: [    0.196234] acpi PNP0A03:00: _OSC: OS supports [ASPM ClockPM Segments MSI]
Mar  9 17:01:48 vagrant kernel: [    0.198219] acpi PNP0A03:00: _OSC: not requesting OS control; OS requires [ExtendedConfig ASPM ClockPM MSI]
Mar  9 17:01:48 vagrant kernel: [    0.198247] acpi PNP0A03:00: fail to add MMCONFIG information, can't access extended PCI configuration space under this bridge.
Mar  9 17:01:48 vagrant kernel: [    0.199727] PCI host bridge to bus 0000:00
Mar  9 17:01:48 vagrant kernel: [    0.199733] pci_bus 0000:00: root bus resource [io  0x0000-0x0cf7 window]
Mar  9 17:01:48 vagrant kernel: [    0.199736] pci_bus 0000:00: root bus resource [io  0x0d00-0xffff window]
Mar  9 17:01:48 vagrant kernel: [    0.199739] pci_bus 0000:00: root bus resource [mem 0x000a0000-0x000bffff window]
Mar  9 17:01:48 vagrant kernel: [    0.199743] pci_bus 0000:00: root bus resource [mem 0x20000000-0xfdffffff window]
Mar  9 17:01:48 vagrant kernel: [    0.199747] pci_bus 0000:00: root bus resource [bus 00-ff]
Mar  9 17:01:48 vagrant kernel: [    0.199876] pci 0000:00:00.0: [8086:1237] type 00 class 0x060000
Mar  9 17:01:48 vagrant kernel: [    0.202250] pci 0000:00:01.0: [8086:7000] type 00 class 0x060100
Mar  9 17:01:48 vagrant kernel: [    0.204672] pci 0000:00:01.1: [8086:7111] type 00 class 0x01018a
Mar  9 17:01:48 vagrant kernel: [    0.205808] pci 0000:00:01.1: reg 0x20: [io  0xd000-0xd00f]
Mar  9 17:01:48 vagrant kernel: [    0.206269] pci 0000:00:01.1: legacy IDE quirk: reg 0x10: [io  0x01f0-0x01f7]
Mar  9 17:01:48 vagrant kernel: [    0.206273] pci 0000:00:01.1: legacy IDE quirk: reg 0x14: [io  0x03f6]
Mar  9 17:01:48 vagrant kernel: [    0.206275] pci 0000:00:01.1: legacy IDE quirk: reg 0x18: [io  0x0170-0x0177]
Mar  9 17:01:48 vagrant kernel: [    0.206278] pci 0000:00:01.1: legacy IDE quirk: reg 0x1c: [io  0x0376]
Mar  9 17:01:48 vagrant kernel: [    0.207152] pci 0000:00:02.0: [80ee:beef] type 00 class 0x030000
Mar  9 17:01:48 vagrant kernel: [    0.208122] pci 0000:00:02.0: reg 0x10: [mem 0xe0000000-0xe07fffff pref]
Mar  9 17:01:48 vagrant kernel: [    0.215491] pci 0000:00:03.0: [8086:100e] type 00 class 0x020000
Mar  9 17:01:48 vagrant kernel: [    0.216360] pci 0000:00:03.0: reg 0x10: [mem 0xf0000000-0xf001ffff]
Mar  9 17:01:48 vagrant kernel: [    0.217692] pci 0000:00:03.0: reg 0x18: [io  0xd010-0xd017]
Mar  9 17:01:48 vagrant kernel: [    0.222861] pci 0000:00:04.0: [80ee:cafe] type 00 class 0x088000
Mar  9 17:01:48 vagrant kernel: [    0.223776] pci 0000:00:04.0: reg 0x10: [io  0xd020-0xd03f]
Mar  9 17:01:48 vagrant kernel: [    0.224651] pci 0000:00:04.0: reg 0x14: [mem 0xf0400000-0xf07fffff]
Mar  9 17:01:48 vagrant kernel: [    0.225202] pci 0000:00:04.0: reg 0x18: [mem 0xf0800000-0xf0803fff pref]
Mar  9 17:01:48 vagrant kernel: [    0.228123] pci 0000:00:07.0: [8086:7113] type 00 class 0x068000
Mar  9 17:01:48 vagrant kernel: [    0.229449] pci 0000:00:07.0: quirk: [io  0x4000-0x403f] claimed by PIIX4 ACPI
Mar  9 17:01:48 vagrant kernel: [    0.229474] pci 0000:00:07.0: quirk: [io  0x4100-0x410f] claimed by PIIX4 SMB
Mar  9 17:01:48 vagrant kernel: [    0.230296] pci 0000:00:08.0: [8086:100e] type 00 class 0x020000
Mar  9 17:01:48 vagrant kernel: [    0.231135] pci 0000:00:08.0: reg 0x10: [mem 0xf0820000-0xf083ffff]
Mar  9 17:01:48 vagrant kernel: [    0.232390] pci 0000:00:08.0: reg 0x18: [io  0xd040-0xd047]
Mar  9 17:01:48 vagrant kernel: [    0.236461] pci 0000:00:0d.0: [8086:2829] type 00 class 0x010601
Mar  9 17:01:48 vagrant kernel: [    0.237238] pci 0000:00:0d.0: reg 0x10: [io  0xd048-0xd04f]
Mar  9 17:01:48 vagrant kernel: [    0.237802] pci 0000:00:0d.0: reg 0x14: [io  0xd050-0xd053]
Mar  9 17:01:48 vagrant kernel: [    0.238357] pci 0000:00:0d.0: reg 0x18: [io  0xd058-0xd05f]
Mar  9 17:01:48 vagrant kernel: [    0.238883] pci 0000:00:0d.0: reg 0x1c: [io  0xd060-0xd063]
Mar  9 17:01:48 vagrant kernel: [    0.239433] pci 0000:00:0d.0: reg 0x20: [io  0xd070-0xd07f]
Mar  9 17:01:48 vagrant kernel: [    0.239958] pci 0000:00:0d.0: reg 0x24: [mem 0xf0840000-0xf0841fff]
Mar  9 17:01:48 vagrant kernel: [    0.245800] ACPI: PCI Interrupt Link [LNKA] (IRQs 5 9 10 *11)
Mar  9 17:01:48 vagrant kernel: [    0.246692] ACPI: PCI Interrupt Link [LNKB] (IRQs 5 9 *10 11)
Mar  9 17:01:48 vagrant kernel: [    0.247014] ACPI: PCI Interrupt Link [LNKC] (IRQs 5 *9 10 11)
Mar  9 17:01:48 vagrant kernel: [    0.247304] ACPI: PCI Interrupt Link [LNKD] (IRQs 5 9 10 *11)
Mar  9 17:01:48 vagrant kernel: [    0.248000] SCSI subsystem initialized
Mar  9 17:01:48 vagrant kernel: [    0.248000] libata version 3.00 loaded.
Mar  9 17:01:48 vagrant kernel: [    0.248000] pci 0000:00:02.0: vgaarb: setting as boot VGA device
Mar  9 17:01:48 vagrant kernel: [    0.248000] pci 0000:00:02.0: vgaarb: VGA device added: decodes=io+mem,owns=io+mem,locks=none
Mar  9 17:01:48 vagrant kernel: [    0.248007] pci 0000:00:02.0: vgaarb: bridge control possible
Mar  9 17:01:48 vagrant kernel: [    0.248008] vgaarb: loaded
Mar  9 17:01:48 vagrant kernel: [    0.248056] ACPI: bus type USB registered
Mar  9 17:01:48 vagrant kernel: [    0.248088] usbcore: registered new interface driver usbfs
Mar  9 17:01:48 vagrant kernel: [    0.248101] usbcore: registered new interface driver hub
Mar  9 17:01:48 vagrant systemd-modules-load[393]: Inserted module 'iscsi_tcp'
Mar  9 17:01:48 vagrant systemd-udevd[412]: Network interface NamePolicy= disabled on kernel command line, ignoring.
Mar  9 17:01:48 vagrant systemd-modules-load[393]: Inserted module 'ib_iser'
Mar  9 17:01:48 vagrant systemd[1]: Starting Flush Journal to Persistent Storage...
Mar  9 17:01:48 vagrant systemd[1]: Started Apply Kernel Variables.
Mar  9 17:01:48 vagrant lvm[396]:   2 logical volume(s) in volume group "vagrant-vg" monitored
Mar  9 17:01:48 vagrant systemd[1]: Started Flush Journal to Persistent Storage.
Mar  9 17:01:48 vagrant systemd[1]: Started Set the console keyboard layout.
Mar  9 17:01:48 vagrant systemd[1]: Started Dispatch Password Requests to Console Directory Watch.
Mar  9 17:01:48 vagrant systemd[1]: Reached target Local Encrypted Volumes.
Mar  9 17:01:48 vagrant systemd[1]: Reached target Local File Systems (Pre).
Mar  9 17:01:48 vagrant systemd[1]: Reached target Local File Systems.
Mar  9 17:01:48 vagrant systemd[1]: Starting Commit a transient machine-id on disk...
Mar  9 17:01:48 vagrant systemd[1]: Starting Create Volatile Files and Directories...
Mar  9 17:01:48 vagrant systemd[1]: Starting Tell Plymouth To Write Out Runtime Data...
Mar  9 17:01:48 vagrant systemd[1]: Starting Set console font and keymap...
Mar  9 17:01:48 vagrant systemd[1]: Starting ebtables ruleset management...
Mar  9 17:01:48 vagrant systemd[1]: Starting Preprocess NFS configuration...
Mar  9 17:01:48 vagrant systemd[1]: Starting AppArmor initialization...
Mar  9 17:01:48 vagrant systemd[1]: Started Tell Plymouth To Write Out Runtime Data.
Mar  9 17:01:48 vagrant systemd[1]: Started Commit a transient machine-id on disk.
Mar  9 17:01:48 vagrant systemd[1]: Started Preprocess NFS configuration.
Mar  9 17:01:48 vagrant systemd[1]: Started Set console font and keymap.
Mar  9 17:01:48 vagrant systemd[1]: Reached target NFS client services.
Mar  9 17:01:48 vagrant systemd[1]: Started Create Volatile Files and Directories.
Mar  9 17:01:48 vagrant systemd[1]: Starting RPC bind portmap service...
Mar  9 17:01:48 vagrant systemd[1]: Starting Update UTMP about System Boot/Shutdown...
Mar  9 17:01:48 vagrant systemd[1]: Started RPC bind portmap service.
Mar  9 17:01:48 vagrant systemd[1]: Reached target RPC Port Mapper.
Mar  9 17:01:48 vagrant systemd[1]: Started Update UTMP about System Boot/Shutdown.
Mar  9 17:01:48 vagrant apparmor[440]:  * Starting AppArmor profiles
Mar  9 17:01:48 vagrant systemd[1]: Started ebtables ruleset management.
Mar  9 17:01:48 vagrant systemd[1]: Reached target Network (Pre).
Mar  9 17:01:48 vagrant systemd[1]: Starting Network Service...
Mar  9 17:01:48 vagrant systemd-networkd[455]: Enumeration completed
Mar  9 17:01:48 vagrant systemd[1]: Started Network Service.
Mar  9 17:01:48 vagrant systemd[1]: Starting Network Name Resolution...
Mar  9 17:01:48 vagrant systemd[1]: Starting Wait for Network to be Configured...
Mar  9 17:01:48 vagrant systemd-networkd[455]: eth1: Link is not managed by us
Mar  9 17:01:48 vagrant systemd-networkd[455]: lo: Link is not managed by us
Mar  9 17:01:48 vagrant systemd-networkd[455]: eth0: Gained carrier
Mar  9 17:01:48 vagrant systemd-networkd[455]: eth0: DHCPv4 address 10.0.2.15/24 via 10.0.2.2
Mar  9 17:01:48 vagrant apparmor[440]: Skipping profile in /etc/apparmor.d/disable: usr.sbin.rsyslogd
Mar  9 17:01:48 vagrant apparmor[440]:    ...done.
Mar  9 17:01:48 vagrant systemd[1]: Started AppArmor initialization.
Mar  9 17:01:48 vagrant systemd[1]: Starting Raise network interfaces...
Mar  9 17:01:48 vagrant systemd-resolved[490]: Positive Trust Anchors:
Mar  9 17:01:48 vagrant systemd-resolved[490]: . IN DS 19036 8 2 49aac11d7b6f6446702e54a1607371607a1a41855200fd2ce1cdde32f24e8fb5
Mar  9 17:01:48 vagrant systemd-resolved[490]: . IN DS 20326 8 2 e06d44b80b8f1d39a95c0b0d7c65d08458e880409bbc683457104237c7f8ec8d
Mar  9 17:01:48 vagrant systemd-resolved[490]: Negative trust anchors: 10.in-addr.arpa 16.172.in-addr.arpa 17.172.in-addr.arpa 18.172.in-addr.arpa 19.172.in-addr.arpa 20.172.in-addr.arpa 21.172.in-addr.arpa 22.172.in-addr.arpa 23.172.in-addr.arpa 24.172.in-addr.arpa 25.172.in-addr.arpa 26.172.in-addr.arpa 27.172.in-addr.arpa 28.172.in-addr.arpa 29.172.in-addr.arpa 30.172.in-addr.arpa 31.172.in-addr.arpa 168.192.in-addr.arpa d.f.ip6.arpa corp home internal intranet lan local private test
Mar  9 17:01:48 vagrant systemd-resolved[490]: Using system hostname 'vagrant'.
Mar  9 17:01:48 vagrant systemd[1]: Started Network Name Resolution.
Mar  9 17:01:48 vagrant systemd[1]: Reached target Host and Network Name Lookups.
Mar  9 17:01:48 vagrant systemd[1]: Started Raise network interfaces.
Mar  9 17:01:48 vagrant systemd[1]: Reached target Network.
Mar  9 17:01:48 vagrant systemd-udevd[501]: link_config: autonegotiation is unset or enabled, the speed and duplex are not writable.
Mar  9 17:01:48 vagrant systemd-udevd[550]: link_config: autonegotiation is unset or enabled, the speed and duplex are not writable.
Mar  9 17:01:48 vagrant systemd[1]: Listening on Load/Save RF Kill Switch Status /dev/rfkill Watch.
Mar  9 17:01:48 vagrant systemd-udevd[502]: link_config: autonegotiation is unset or enabled, the speed and duplex are not writable.
Mar  9 17:01:48 vagrant systemd-networkd[455]: eth0: Gained IPv6LL
Mar  9 17:01:48 vagrant systemd-networkd[455]: eth0: Configured
Mar  9 17:01:48 vagrant systemd-networkd-wait-online[491]: managing: eth0
Mar  9 17:01:48 vagrant systemd-networkd-wait-online[491]: ignoring: lo
Mar  9 17:01:48 vagrant systemd[1]: Started Wait for Network to be Configured.
Mar  9 17:01:48 vagrant systemd[1]: Reached target Network is Online.
Mar  9 17:01:48 vagrant systemd[1]: Reached target Remote File Systems (Pre).
Mar  9 17:01:48 vagrant systemd[1]: Reached target Remote File Systems.
Mar  9 17:01:48 vagrant systemd[1]: Starting Availability of block devices...
Mar  9 17:01:48 vagrant systemd[1]: Started Availability of block devices.
Mar  9 17:01:48 vagrant systemd[1]: Found device /dev/mapper/vagrant--vg-swap_1.
Mar  9 17:01:48 vagrant systemd[1]: Activating swap /dev/mapper/vagrant--vg-swap_1...
Mar  9 17:01:48 vagrant systemd[1]: Activated swap /dev/mapper/vagrant--vg-swap_1.
Mar  9 17:01:48 vagrant systemd[1]: Reached target Swap.
Mar  9 17:01:48 vagrant systemd[1]: Reached target System Initialization.
Mar  9 17:01:48 vagrant systemd[1]: Listening on Open-iSCSI iscsid Socket.
Mar  9 17:01:48 vagrant systemd[1]: Listening on D-Bus System Message Bus Socket.
Mar  9 17:01:48 vagrant systemd[1]: Listening on ACPID Listen Socket.
Mar  9 17:01:48 vagrant systemd[1]: Started ACPI Events Check.
Mar  9 17:01:48 vagrant systemd[1]: Starting Socket activation for snappy daemon.
Mar  9 17:01:48 vagrant systemd[1]: Started Discard unused blocks once a week.
Mar  9 17:01:48 vagrant systemd[1]: Listening on UUID daemon activation socket.
Mar  9 17:01:48 vagrant systemd[1]: Reached target Paths.
Mar  9 17:01:48 vagrant systemd[1]: Started Daily Cleanup of Temporary Directories.
Mar  9 17:01:48 vagrant systemd[1]: Starting LXD - unix socket.
Mar  9 17:01:48 vagrant systemd[1]: Started Message of the Day.
Mar  9 17:01:48 vagrant systemd[1]: Reached target Timers.
Mar  9 17:01:48 vagrant systemd[1]: Listening on Socket activation for snappy daemon.
Mar  9 17:01:48 vagrant systemd[1]: Listening on LXD - unix socket.
Mar  9 17:01:48 vagrant systemd[1]: Reached target Sockets.
Mar  9 17:01:48 vagrant systemd[1]: Reached target Basic System.
Mar  9 17:01:48 vagrant systemd[1]: Started irqbalance daemon.
Mar  9 17:01:48 vagrant systemd[1]: Starting Discard unused blocks...
Mar  9 17:01:48 vagrant systemd[1]: Started Deferred execution scheduler.
Mar  9 17:01:48 vagrant systemd[1]: Starting vboxadd.service...
Mar  9 17:01:48 vagrant systemd[1]: Starting Accounts Service...
Mar  9 17:01:48 vagrant systemd[1]: Started D-Bus System Message Bus.
Mar  9 17:01:48 vagrant /usr/sbin/irqbalance: Balancing is ineffective on systems with a single cpu.  Shutting down
Mar  9 17:01:48 vagrant dbus-daemon[667]: [system] AppArmor D-Bus mediation is enabled
Mar  9 17:01:48 vagrant systemd[1]: Starting System Logging Service...
Mar  9 17:01:48 vagrant systemd[1]: Starting Dispatcher daemon for systemd-networkd...
Mar  9 17:01:48 vagrant systemd[1]: Starting LSB: Record successful boot for GRUB...
Mar  9 17:01:48 vagrant systemd[1]: Started FUSE filesystem for LXC.
Mar  9 17:01:48 vagrant systemd[1]: Starting Snappy daemon...
Mar  9 17:01:48 vagrant systemd[1]: Starting Permit User Sessions...
Mar  9 17:01:48 vagrant systemd[1]: Starting LSB: automatic crash report generation...
Mar  9 17:01:48 vagrant systemd[1]: Starting Message of the Day...
Mar  9 17:01:48 vagrant systemd[1]: Starting Pollinate to seed the pseudo random number generator...
Mar  9 17:01:48 vagrant systemd[1]: Starting Login Service...
Mar  9 17:01:48 vagrant lxcfs[679]: mount namespace: 5
Mar  9 17:01:48 vagrant lxcfs[679]: hierarchies:
Mar  9 17:01:48 vagrant lxcfs[679]:   0: fd:   6: perf_event
Mar  9 17:01:48 vagrant lxcfs[679]:   1: fd:   7: freezer
Mar  9 17:01:48 vagrant lxcfs[679]:   2: fd:   8: rdma
Mar  9 17:01:48 vagrant lxcfs[679]:   3: fd:   9: devices
Mar  9 17:01:48 vagrant lxcfs[679]:   4: fd:  10: pids
Mar  9 17:01:48 vagrant lxcfs[679]:   5: fd:  11: cpuset
Mar  9 17:01:48 vagrant lxcfs[679]:   6: fd:  12: hugetlb
Mar  9 17:01:48 vagrant lxcfs[679]:   7: fd:  13: cpu,cpuacct
Mar  9 17:01:48 vagrant lxcfs[679]:   8: fd:  14: memory
Mar  9 17:01:48 vagrant lxcfs[679]:   9: fd:  15: net_cls,net_prio
Mar  9 17:01:48 vagrant lxcfs[679]:  10: fd:  16: blkio
Mar  9 17:01:48 vagrant lxcfs[679]:  11: fd:  17: name=systemd
Mar  9 17:01:48 vagrant lxcfs[679]:  12: fd:  18: unified
Mar  9 17:01:48 vagrant dbus-daemon[667]: [system] Activating via systemd: service name='org.freedesktop.PolicyKit1' unit='polkit.service' requested by ':1.3' (uid=0 pid=666 comm="/usr/lib/accountsservice/accounts-daemon " label="unconfined")
Mar  9 17:01:48 vagrant rsyslogd: imuxsock: Acquired UNIX socket '/run/systemd/journal/syslog' (fd 3) from systemd.  [v8.32.0]
Mar  9 17:01:48 vagrant rsyslogd: rsyslogd's groupid changed to 106
Mar  9 17:01:48 vagrant rsyslogd: rsyslogd's userid changed to 102
Mar  9 17:01:48 vagrant rsyslogd:  [origin software="rsyslogd" swVersion="8.32.0" x-pid="675" x-info="http://www.rsyslog.com"] start
Mar  9 17:01:48 vagrant systemd[1]: Started Regular background program processing daemon.
Mar  9 17:01:48 vagrant kernel: [    0.248120] usbcore: registered new device driver usb
Mar  9 17:01:48 vagrant kernel: [    0.248228] EDAC MC: Ver: 3.0.0
Mar  9 17:01:48 vagrant kernel: [    0.248868] PCI: Using ACPI for IRQ routing
Mar  9 17:01:48 vagrant kernel: [    0.248871] PCI: pci_cache_line_size set to 64 bytes
Mar  9 17:01:48 vagrant kernel: [    0.249279] e820: reserve RAM buffer [mem 0x0009fc00-0x0009ffff]
Mar  9 17:01:48 vagrant kernel: [    0.249287] e820: reserve RAM buffer [mem 0x1fff0000-0x1fffffff]
Mar  9 17:01:48 vagrant kernel: [    0.249507] NetLabel: Initializing
Mar  9 17:01:48 vagrant kernel: [    0.249509] NetLabel:  domain hash size = 128
Mar  9 17:01:48 vagrant kernel: [    0.249510] NetLabel:  protocols = UNLABELED CIPSOv4 CALIPSO
Mar  9 17:01:48 vagrant kernel: [    0.249551] NetLabel:  unlabeled traffic allowed by default
Mar  9 17:01:48 vagrant kernel: [    0.250872] clocksource: Switched to clocksource kvm-clock
Mar  9 17:01:48 vagrant kernel: [    0.269418] VFS: Disk quotas dquot_6.6.0
Mar  9 17:01:48 vagrant kernel: [    0.269443] VFS: Dquot-cache hash table entries: 512 (order 0, 4096 bytes)
Mar  9 17:01:48 vagrant kernel: [    0.269628] AppArmor: AppArmor Filesystem Enabled
Mar  9 17:01:48 vagrant kernel: [    0.269680] pnp: PnP ACPI init
Mar  9 17:01:48 vagrant kernel: [    0.269806] pnp 00:00: Plug and Play ACPI device, IDs PNP0303 (active)
Mar  9 17:01:48 vagrant kernel: [    0.269991] pnp 00:01: Plug and Play ACPI device, IDs PNP0f03 (active)
Mar  9 17:01:48 vagrant kernel: [    0.272131] pnp: PnP ACPI: found 2 devices
Mar  9 17:01:48 vagrant kernel: [    0.279205] clocksource: acpi_pm: mask: 0xffffff max_cycles: 0xffffff, max_idle_ns: 2085701024 ns
Mar  9 17:01:48 vagrant kernel: [    0.279219] pci_bus 0000:00: resource 4 [io  0x0000-0x0cf7 window]
Mar  9 17:01:48 vagrant kernel: [    0.279222] pci_bus 0000:00: resource 5 [io  0x0d00-0xffff window]
Mar  9 17:01:48 vagrant kernel: [    0.279224] pci_bus 0000:00: resource 6 [mem 0x000a0000-0x000bffff window]
Mar  9 17:01:48 vagrant kernel: [    0.279226] pci_bus 0000:00: resource 7 [mem 0x20000000-0xfdffffff window]
Mar  9 17:01:48 vagrant kernel: [    0.279323] NET: Registered protocol family 2
Mar  9 17:01:48 vagrant kernel: [    0.279609] TCP established hash table entries: 4096 (order: 3, 32768 bytes)
Mar  9 17:01:48 vagrant kernel: [    0.279629] TCP bind hash table entries: 4096 (order: 4, 65536 bytes)
Mar  9 17:01:48 vagrant kernel: [    0.279639] TCP: Hash tables configured (established 4096 bind 4096)
Mar  9 17:01:48 vagrant kernel: [    0.279712] UDP hash table entries: 256 (order: 1, 8192 bytes)
Mar  9 17:01:48 vagrant kernel: [    0.279716] UDP-Lite hash table entries: 256 (order: 1, 8192 bytes)
Mar  9 17:01:48 vagrant kernel: [    0.279764] NET: Registered protocol family 1
Mar  9 17:01:48 vagrant kernel: [    0.279786] pci 0000:00:00.0: Limiting direct PCI/PCI transfers
Mar  9 17:01:48 vagrant kernel: [    0.279847] pci 0000:00:01.0: Activating ISA DMA hang workarounds
Mar  9 17:01:48 vagrant kernel: [    0.279966] pci 0000:00:02.0: Video device with shadowed ROM at [mem 0x000c0000-0x000dffff]
Mar  9 17:01:48 vagrant kernel: [    0.280136] PCI: CLS 0 bytes, default 64
Mar  9 17:01:48 vagrant kernel: [    0.280193] Unpacking initramfs...
Mar  9 17:01:48 vagrant kernel: [    2.128789] Freeing initrd memory: 56832K
Mar  9 17:01:48 vagrant kernel: [    2.128935] clocksource: tsc: mask: 0xffffffffffffffff max_cycles: 0x22983938a92, max_idle_ns: 440795216168 ns
Mar  9 17:01:48 vagrant kernel: [    2.128998] platform rtc_cmos: registered platform RTC device (no PNP device found)
Mar  9 17:01:48 vagrant kernel: [    2.129027] Scanning for low memory corruption every 60 seconds
Mar  9 17:01:48 vagrant kernel: [    2.130007] Initialise system trusted keyrings
Mar  9 17:01:48 vagrant kernel: [    2.130019] Key type blacklist registered
Mar  9 17:01:48 vagrant kernel: [    2.130082] workingset: timestamp_bits=36 max_order=17 bucket_order=0
Mar  9 17:01:48 vagrant kernel: [    2.138703] zbud: loaded
Mar  9 17:01:48 vagrant kernel: [    2.139799] squashfs: version 4.0 (2009/01/31) Phillip Lougher
Mar  9 17:01:48 vagrant kernel: [    2.140086] fuse init (API version 7.26)
Mar  9 17:01:48 vagrant kernel: [    2.141602] Key type asymmetric registered
Mar  9 17:01:48 vagrant kernel: [    2.141604] Asymmetric key parser 'x509' registered
Mar  9 17:01:48 vagrant kernel: [    2.141659] Block layer SCSI generic (bsg) driver version 0.4 loaded (major 246)
Mar  9 17:01:48 vagrant kernel: [    2.141705] io scheduler noop registered
Mar  9 17:01:48 vagrant kernel: [    2.141706] io scheduler deadline registered
Mar  9 17:01:48 vagrant kernel: [    2.141753] io scheduler cfq registered (default)
Mar  9 17:01:48 vagrant kernel: [    2.142235] ACPI: AC Adapter [AC] (off-line)
Mar  9 17:01:48 vagrant kernel: [    2.142323] input: Power Button as /devices/LNXSYSTM:00/LNXPWRBN:00/input/input0
Mar  9 17:01:48 vagrant kernel: [    2.142348] ACPI: Power Button [PWRF]
Mar  9 17:01:48 vagrant kernel: [    2.142520] input: Sleep Button as /devices/LNXSYSTM:00/LNXSLPBN:00/input/input1
Mar  9 17:01:48 vagrant kernel: [    2.142532] ACPI: Sleep Button [SLPF]
Mar  9 17:01:48 vagrant kernel: [    2.144508] Serial: 8250/16550 driver, 32 ports, IRQ sharing enabled
Mar  9 17:01:48 vagrant kernel: [    2.146567] ACPI: Battery Slot [BAT0] (battery present)
Mar  9 17:01:48 vagrant kernel: [    2.148397] Linux agpgart interface v0.103
Mar  9 17:01:48 vagrant kernel: [    2.150427] loop: module loaded
Mar  9 17:01:48 vagrant kernel: [    2.150614] ata_piix 0000:00:01.1: version 2.13
Mar  9 17:01:48 vagrant kernel: [    2.151379] scsi host0: ata_piix
Mar  9 17:01:48 vagrant kernel: [    2.151483] scsi host1: ata_piix
Mar  9 17:01:48 vagrant kernel: [    2.151536] ata1: PATA max UDMA/33 cmd 0x1f0 ctl 0x3f6 bmdma 0xd000 irq 14
Mar  9 17:01:48 vagrant kernel: [    2.151537] ata2: PATA max UDMA/33 cmd 0x170 ctl 0x376 bmdma 0xd008 irq 15
Mar  9 17:01:48 vagrant kernel: [    2.151698] libphy: Fixed MDIO Bus: probed
Mar  9 17:01:48 vagrant kernel: [    2.151700] tun: Universal TUN/TAP device driver, 1.6
Mar  9 17:01:48 vagrant kernel: [    2.152232] PPP generic driver version 2.4.2
Mar  9 17:01:48 vagrant kernel: [    2.152301] ehci_hcd: USB 2.0 'Enhanced' Host Controller (EHCI) Driver
Mar  9 17:01:48 vagrant kernel: [    2.152305] ehci-pci: EHCI PCI platform driver
Mar  9 17:01:48 vagrant kernel: [    2.152329] ehci-platform: EHCI generic platform driver
Mar  9 17:01:48 vagrant kernel: [    2.152343] ohci_hcd: USB 1.1 'Open' Host Controller (OHCI) Driver
Mar  9 17:01:48 vagrant kernel: [    2.152346] ohci-pci: OHCI PCI platform driver
Mar  9 17:01:48 vagrant kernel: [    2.152359] ohci-platform: OHCI generic platform driver
Mar  9 17:01:48 vagrant kernel: [    2.152369] uhci_hcd: USB Universal Host Controller Interface driver
Mar  9 17:01:48 vagrant kernel: [    2.152450] i8042: PNP: PS/2 Controller [PNP0303:PS2K,PNP0f03:PS2M] at 0x60,0x64 irq 1,12
Mar  9 17:01:48 vagrant kernel: [    2.153272] serio: i8042 KBD port at 0x60,0x64 irq 1
Mar  9 17:01:48 vagrant kernel: [    2.153327] serio: i8042 AUX port at 0x60,0x64 irq 12
Mar  9 17:01:48 vagrant kernel: [    2.153447] mousedev: PS/2 mouse device common for all mice
Mar  9 17:01:48 vagrant kernel: [    2.153990] input: AT Translated Set 2 keyboard as /devices/platform/i8042/serio0/input/input2
Mar  9 17:01:48 vagrant kernel: [    2.154692] rtc_cmos rtc_cmos: rtc core: registered rtc_cmos as rtc0
Mar  9 17:01:48 vagrant kernel: [    2.154832] rtc_cmos rtc_cmos: alarms up to one day, 114 bytes nvram
Mar  9 17:01:48 vagrant kernel: [    2.154846] i2c /dev entries driver
Mar  9 17:01:48 vagrant kernel: [    2.154933] device-mapper: uevent: version 1.0.3
Mar  9 17:01:48 vagrant kernel: [    2.155032] device-mapper: ioctl: 4.37.0-ioctl (2017-09-20) initialised: dm-devel@redhat.com
Mar  9 17:01:48 vagrant kernel: [    2.155046] ledtrig-cpu: registered to indicate activity on CPUs
Mar  9 17:01:48 vagrant kernel: [    2.155725] intel_pmc_core:  initialized
Mar  9 17:01:48 vagrant kernel: [    2.156037] NET: Registered protocol family 10
Mar  9 17:01:48 vagrant kernel: [    2.163864] Segment Routing with IPv6
Mar  9 17:01:48 vagrant kernel: [    2.163900] NET: Registered protocol family 17
Mar  9 17:01:48 vagrant kernel: [    2.163953] Key type dns_resolver registered
Mar  9 17:01:48 vagrant kernel: [    2.164227] mce: Using 0 MCE banks
Mar  9 17:01:48 vagrant kernel: [    2.164241] RAS: Correctable Errors collector initialized.
Mar  9 17:01:48 vagrant kernel: [    2.164264] sched_clock: Marking stable (2164095986, 0)->(2294255593, -130159607)
Mar  9 17:01:48 vagrant kernel: [    2.164550] registered taskstats version 1
Mar  9 17:01:48 vagrant kernel: [    2.164564] Loading compiled-in X.509 certificates
Mar  9 17:01:48 vagrant kernel: [    2.168992] Loaded X.509 cert 'Build time autogenerated kernel key: 665cd2b89e03521f57c41865f552ebce30a0c7fb'
Mar  9 17:01:48 vagrant kernel: [    2.169021] zswap: loaded using pool lzo/zbud
Mar  9 17:01:48 vagrant kernel: [    2.175942] Key type big_key registered
Mar  9 17:01:48 vagrant kernel: [    2.175948] Key type trusted registered
Mar  9 17:01:48 vagrant kernel: [    2.179455] Key type encrypted registered
Mar  9 17:01:48 vagrant kernel: [    2.179460] AppArmor: AppArmor sha1 policy hashing enabled
Mar  9 17:01:48 vagrant kernel: [    2.179476] ima: No TPM chip found, activating TPM-bypass! (rc=-19)
Mar  9 17:01:48 vagrant kernel: [    2.179486] ima: Allocated hash algorithm: sha1
Mar  9 17:01:48 vagrant kernel: [    2.179504] evm: HMAC attrs: 0x1
Mar  9 17:01:48 vagrant kernel: [    2.180218]   Magic number: 12:421:36
Mar  9 17:01:48 vagrant kernel: [    2.180231] bdi 7:1: hash matches
Mar  9 17:01:48 vagrant kernel: [    2.180234] misc loop-control: hash matches
Mar  9 17:01:48 vagrant kernel: [    2.180347] rtc_cmos rtc_cmos: setting system clock to 2020-03-09 17:01:40 UTC (1583773300)
Mar  9 17:01:48 vagrant kernel: [    2.180471] BIOS EDD facility v0.16 2004-Jun-25, 0 devices found
Mar  9 17:01:48 vagrant kernel: [    2.180472] EDD information not available.
Mar  9 17:01:48 vagrant kernel: [    2.356802] Freeing unused kernel image memory: 2428K
Mar  9 17:01:48 vagrant kernel: [    2.364119] Write protecting the kernel read-only data: 20480k
Mar  9 17:01:48 vagrant kernel: [    2.366072] Freeing unused kernel image memory: 2008K
Mar  9 17:01:48 vagrant kernel: [    2.367123] Freeing unused kernel image memory: 1884K
Mar  9 17:01:48 vagrant kernel: [    2.398097] x86/mm: Checked W+X mappings: passed, no W+X pages found.
Mar  9 17:01:48 vagrant kernel: [    2.398099] x86/mm: Checking user space page tables
Mar  9 17:01:48 vagrant kernel: [    2.412823] x86/mm: Checked W+X mappings: passed, no W+X pages found.
Mar  9 17:01:48 vagrant kernel: [    2.636835] ACPI: Video Device [GFX0] (multi-head: yes  rom: no  post: no)
Mar  9 17:01:48 vagrant kernel: [    2.636965] input: Video Bus as /devices/LNXSYSTM:00/LNXSYBUS:00/PNP0A03:00/LNXVIDEO:00/input/input4
Mar  9 17:01:48 vagrant kernel: [    2.663551] e1000: Intel(R) PRO/1000 Network Driver - version 7.3.21-k8-NAPI
Mar  9 17:01:48 vagrant kernel: [    2.663553] e1000: Copyright (c) 1999-2006 Intel Corporation.
Mar  9 17:01:48 vagrant kernel: [    2.770359] AVX2 version of gcm_enc/dec engaged.
Mar  9 17:01:48 vagrant kernel: [    2.770360] AES CTR mode by8 optimization enabled
Mar  9 17:01:48 vagrant kernel: [    2.848263] vboxvideo: loading out-of-tree module taints kernel.
Mar  9 17:01:48 vagrant kernel: [    2.848304] vboxvideo: module verification failed: signature and/or required key missing - tainting kernel
Mar  9 17:01:48 vagrant kernel: [    2.911126] input: ImExPS/2 Generic Explorer Mouse as /devices/platform/i8042/serio1/input/input5
Mar  9 17:01:48 vagrant kernel: [    3.314812] e1000 0000:00:03.0 eth0: (PCI:33MHz:32-bit) 08:00:27:8b:d5:11
Mar  9 17:01:48 vagrant kernel: [    3.314819] e1000 0000:00:03.0 eth0: Intel(R) PRO/1000 Network Connection
Mar  9 17:01:48 vagrant kernel: [    3.315147] piix4_smbus 0000:00:07.0: SMBus Host Controller at 0x4100, revision 0
Mar  9 17:01:48 vagrant kernel: [    3.315734] ahci 0000:00:0d.0: version 3.0
Mar  9 17:01:48 vagrant kernel: [    3.319355] ahci 0000:00:0d.0: SSS flag set, parallel bus scan disabled
Mar  9 17:01:48 vagrant kernel: [    3.319677] ahci 0000:00:0d.0: AHCI 0001.0100 32 slots 1 ports 3 Gbps 0x1 impl SATA mode
Mar  9 17:01:48 vagrant kernel: [    3.319682] ahci 0000:00:0d.0: flags: 64bit ncq stag only ccc 
Mar  9 17:01:48 vagrant kernel: [    3.321688] scsi host2: ahci
Mar  9 17:01:48 vagrant kernel: [    3.321997] ata3: SATA max UDMA/133 abar m8192@0xf0840000 port 0xf0840100 irq 21
Mar  9 17:01:48 vagrant kernel: [    3.324940] [drm] VRAM 00800000
Mar  9 17:01:48 vagrant kernel: [    3.325886] [TTM] Zone  kernel: Available graphics memory: 246360 kiB
Mar  9 17:01:48 vagrant kernel: [    3.325888] [TTM] Initializing pool allocator
Mar  9 17:01:48 vagrant kernel: [    3.325894] [TTM] Initializing DMA pool allocator
Mar  9 17:01:48 vagrant kernel: [    3.329924] fbcon: vboxdrmfb (fb0) is primary device
Mar  9 17:01:48 vagrant kernel: [    3.333686] Console: switching to colour frame buffer device 100x37
Mar  9 17:01:48 vagrant kernel: [    3.335306] vboxvideo 0000:00:02.0: fb0: vboxdrmfb frame buffer device
Mar  9 17:01:48 vagrant kernel: [    3.335327] [drm] Initialized vboxvideo 1.0.0 20130823 for 0000:00:02.0 on minor 0
Mar  9 17:01:48 vagrant kernel: [    3.638149] ata3: SATA link up 3.0 Gbps (SStatus 123 SControl 300)
Mar  9 17:01:48 vagrant kernel: [    3.638576] ata3.00: ATA-6: VBOX HARDDISK, 1.0, max UDMA/133
Mar  9 17:01:48 vagrant kernel: [    3.638580] ata3.00: 134217728 sectors, multi 128: LBA48 NCQ (depth 31/32)
Mar  9 17:01:48 vagrant kernel: [    3.645223] ata3.00: configured for UDMA/133
Mar  9 17:01:48 vagrant kernel: [    3.645573] scsi 2:0:0:0: Direct-Access     ATA      VBOX HARDDISK    1.0  PQ: 0 ANSI: 5
Mar  9 17:01:48 vagrant kernel: [    3.646011] sd 2:0:0:0: [sda] 134217728 512-byte logical blocks: (68.7 GB/64.0 GiB)
Mar  9 17:01:48 vagrant kernel: [    3.646030] sd 2:0:0:0: [sda] Write Protect is off
Mar  9 17:01:48 vagrant kernel: [    3.646033] sd 2:0:0:0: [sda] Mode Sense: 00 3a 00 00
Mar  9 17:01:48 vagrant kernel: [    3.646064] sd 2:0:0:0: [sda] Write cache: enabled, read cache: enabled, doesn't support DPO or FUA
Mar  9 17:01:48 vagrant kernel: [    3.646519] sd 2:0:0:0: Attached scsi generic sg0 type 0
Mar  9 17:01:48 vagrant kernel: [    3.654430]  sda: sda1
Mar  9 17:01:48 vagrant kernel: [    3.654951] sd 2:0:0:0: [sda] Attached SCSI disk
Mar  9 17:01:48 vagrant kernel: [    3.806478] random: lvm: uninitialized urandom read (4 bytes read)
Mar  9 17:01:48 vagrant kernel: [    3.857780] e1000 0000:00:08.0 eth1: (PCI:33MHz:32-bit) 08:00:27:12:52:b2
Mar  9 17:01:48 vagrant kernel: [    3.857785] e1000 0000:00:08.0 eth1: Intel(R) PRO/1000 Network Connection
Mar  9 17:01:48 vagrant kernel: [    3.863970] random: lvm: uninitialized urandom read (2 bytes read)
Mar  9 17:01:48 vagrant kernel: [    4.268471] raid6: sse2x1   gen()  4533 MB/s
Mar  9 17:01:48 vagrant kernel: [    4.316203] raid6: sse2x1   xor()  2600 MB/s
Mar  9 17:01:48 vagrant kernel: [    4.364123] raid6: sse2x2   gen()  6145 MB/s
Mar  9 17:01:48 vagrant kernel: [    4.412442] raid6: sse2x2   xor()  4621 MB/s
Mar  9 17:01:48 vagrant kernel: [    4.460244] raid6: sse2x4   gen()  7182 MB/s
Mar  9 17:01:48 vagrant kernel: [    4.508064] raid6: sse2x4   xor()  4451 MB/s
Mar  9 17:01:48 vagrant kernel: [    4.556392] raid6: avx2x1   gen() 10182 MB/s
Mar  9 17:01:48 vagrant kernel: [    4.604214] raid6: avx2x1   xor()  7068 MB/s
Mar  9 17:01:48 vagrant kernel: [    4.652067] raid6: avx2x2   gen() 12170 MB/s
Mar  9 17:01:48 vagrant kernel: [    4.700339] raid6: avx2x2   xor()  7644 MB/s
Mar  9 17:01:48 vagrant kernel: [    4.748159] raid6: avx2x4   gen()  9352 MB/s
Mar  9 17:01:48 vagrant kernel: [    4.796490] raid6: avx2x4   xor()  8881 MB/s
Mar  9 17:01:48 vagrant kernel: [    4.796493] raid6: using algorithm avx2x2 gen() 12170 MB/s
Mar  9 17:01:48 vagrant kernel: [    4.796494] raid6: .... xor() 7644 MB/s, rmw enabled
Mar  9 17:01:48 vagrant kernel: [    4.796495] raid6: using avx2x2 recovery algorithm
Mar  9 17:01:48 vagrant kernel: [    4.800316] xor: automatically using best checksumming function   avx       
Mar  9 17:01:48 vagrant kernel: [    4.803805] async_tx: api initialized (async)
Mar  9 17:01:48 vagrant kernel: [    4.874718] random: lvm: uninitialized urandom read (4 bytes read)
Mar  9 17:01:48 vagrant kernel: [    4.916659] random: lvm: uninitialized urandom read (4 bytes read)
Mar  9 17:01:48 vagrant kernel: [    4.997542] Btrfs loaded, crc32c=crc32c-intel
Mar  9 17:01:48 vagrant kernel: [    5.138821] random: fast init done
Mar  9 17:01:48 vagrant kernel: [    5.157361] EXT4-fs (dm-0): mounted filesystem with ordered data mode. Opts: (null)
Mar  9 17:01:48 vagrant kernel: [    5.157624] random: systemd-udevd: uninitialized urandom read (16 bytes read)
Mar  9 17:01:48 vagrant kernel: [    5.526548] ip_tables: (C) 2000-2006 Netfilter Core Team
Mar  9 17:01:48 vagrant kernel: [    5.543545] systemd[1]: systemd 237 running in system mode. (+PAM +AUDIT +SELINUX +IMA +APPARMOR +SMACK +SYSVINIT +UTMP +LIBCRYPTSETUP +GCRYPT +GNUTLS +ACL +XZ +LZ4 +SECCOMP +BLKID +ELFUTILS +KMOD -IDN2 +IDN -PCRE2 default-hierarchy=hybrid)
Mar  9 17:01:48 vagrant kernel: [    5.543629] systemd[1]: Detected virtualization oracle.
Mar  9 17:01:48 vagrant kernel: [    5.543639] systemd[1]: Detected architecture x86-64.
Mar  9 17:01:48 vagrant kernel: [    5.549100] systemd[1]: Set hostname to <vagrant>.
Mar  9 17:01:48 vagrant kernel: [    5.557345] systemd[1]: Initializing machine ID from random generator.
Mar  9 17:01:48 vagrant kernel: [    5.557436] systemd[1]: Installed transient /etc/machine-id file.
Mar  9 17:01:48 vagrant kernel: [    5.965171] systemd[1]: Set up automount Arbitrary Executable File Formats File System Automount Point.
Mar  9 17:01:48 vagrant kernel: [    5.965311] systemd[1]: Started Forward Password Requests to Wall Directory Watch.
Mar  9 17:01:48 vagrant kernel: [    5.966649] systemd[1]: Created slice User and Session Slice.
Mar  9 17:01:48 vagrant kernel: [    5.966714] systemd[1]: Reached target System Time Synchronized.
Mar  9 17:01:48 vagrant kernel: [    6.139143] EXT4-fs (dm-0): re-mounted. Opts: errors=remount-ro
Mar  9 17:01:48 vagrant kernel: [    6.158648] Loading iSCSI transport class v2.0-870.
Mar  9 17:01:48 vagrant kernel: [    6.242619] iscsi: registered transport (tcp)
Mar  9 17:01:48 vagrant kernel: [    6.284070] RPC: Registered named UNIX socket transport module.
Mar  9 17:01:48 vagrant kernel: [    6.284071] RPC: Registered udp transport module.
Mar  9 17:01:48 vagrant kernel: [    6.284072] RPC: Registered tcp transport module.
Mar  9 17:01:48 vagrant kernel: [    6.284073] RPC: Registered tcp NFSv4.1 backchannel transport module.
Mar  9 17:01:48 vagrant kernel: [    6.528463] iscsi: registered transport (iser)
Mar  9 17:01:48 vagrant kernel: [    6.641877] systemd-journald[395]: Received request to flush runtime journal from PID 1
Mar  9 17:01:48 vagrant kernel: [    7.564927] e1000: eth0 NIC Link is Up 1000 Mbps Full Duplex, Flow Control: RX
Mar  9 17:01:48 vagrant kernel: [    7.567991] IPv6: ADDRCONF(NETDEV_UP): eth0: link is not ready
Mar  9 17:01:48 vagrant kernel: [    7.568494] IPv6: ADDRCONF(NETDEV_CHANGE): eth0: link becomes ready
Mar  9 17:01:48 vagrant kernel: [    7.667713] audit: type=1400 audit(1583773305.984:2): apparmor="STATUS" operation="profile_load" profile="unconfined" name="lxc-container-default" pid=509 comm="apparmor_parser"
Mar  9 17:01:48 vagrant kernel: [    7.667719] audit: type=1400 audit(1583773305.984:3): apparmor="STATUS" operation="profile_load" profile="unconfined" name="lxc-container-default-cgns" pid=509 comm="apparmor_parser"
Mar  9 17:01:48 vagrant kernel: [    7.667722] audit: type=1400 audit(1583773305.984:4): apparmor="STATUS" operation="profile_load" profile="unconfined" name="lxc-container-default-with-mounting" pid=509 comm="apparmor_parser"
Mar  9 17:01:48 vagrant kernel: [    7.667725] audit: type=1400 audit(1583773305.984:5): apparmor="STATUS" operation="profile_load" profile="unconfined" name="lxc-container-default-with-nesting" pid=509 comm="apparmor_parser"
Mar  9 17:01:48 vagrant kernel: [    7.696913] audit: type=1400 audit(1583773306.012:6): apparmor="STATUS" operation="profile_load" profile="unconfined" name="/sbin/dhclient" pid=510 comm="apparmor_parser"
Mar  9 17:01:48 vagrant kernel: [    7.696925] audit: type=1400 audit(1583773306.012:7): apparmor="STATUS" operation="profile_load" profile="unconfined" name="/usr/lib/NetworkManager/nm-dhcp-client.action" pid=510 comm="apparmor_parser"
Mar  9 17:01:48 vagrant kernel: [    7.696929] audit: type=1400 audit(1583773306.012:8): apparmor="STATUS" operation="profile_load" profile="unconfined" name="/usr/lib/NetworkManager/nm-dhcp-helper" pid=510 comm="apparmor_parser"
Mar  9 17:01:48 vagrant kernel: [    7.696933] audit: type=1400 audit(1583773306.012:9): apparmor="STATUS" operation="profile_load" profile="unconfined" name="/usr/lib/connman/scripts/dhclient-script" pid=510 comm="apparmor_parser"
Mar  9 17:01:48 vagrant kernel: [    7.701617] audit: type=1400 audit(1583773306.016:10): apparmor="STATUS" operation="profile_load" profile="unconfined" name="/usr/bin/lxc-start" pid=511 comm="apparmor_parser"
Mar  9 17:01:48 vagrant kernel: [    7.716876] audit: type=1400 audit(1583773306.032:11): apparmor="STATUS" operation="profile_load" profile="unconfined" name="/usr/bin/man" pid=512 comm="apparmor_parser"
Mar  9 17:01:48 vagrant kernel: [    7.995177] random: crng init done
Mar  9 17:01:48 vagrant kernel: [    7.995180] random: 5 urandom warning(s) missed due to ratelimiting
Mar  9 17:01:48 vagrant kernel: [    8.246783] vgdrvHeartbeatInit: Setting up heartbeat to trigger every 2000 milliseconds
Mar  9 17:01:48 vagrant kernel: [    8.292554] input: Unspecified device as /devices/pci0000:00/0000:00:04.0/input/input6
Mar  9 17:01:48 vagrant kernel: [    8.301214] vboxguest: Successfully loaded version 6.1.2
Mar  9 17:01:48 vagrant kernel: [    8.301273] vboxguest: misc device minor 55, IRQ 20, I/O port d020, MMIO at 00000000f0400000 (size 0x400000)
Mar  9 17:01:48 vagrant kernel: [    8.301275] vboxguest: Successfully loaded version 6.1.2 (interface 0x00010004)
Mar  9 17:01:48 vagrant kernel: [    8.365155] RAPL PMU: API unit is 2^-32 Joules, 5 fixed counters, 10737418240 ms ovfl timer
Mar  9 17:01:48 vagrant kernel: [    8.365158] RAPL PMU: hw unit of domain pp0-core 2^-0 Joules
Mar  9 17:01:48 vagrant kernel: [    8.365159] RAPL PMU: hw unit of domain package 2^-0 Joules
Mar  9 17:01:48 vagrant kernel: [    8.365160] RAPL PMU: hw unit of domain dram 2^-0 Joules
Mar  9 17:01:48 vagrant kernel: [    8.365161] RAPL PMU: hw unit of domain pp1-gpu 2^-0 Joules
Mar  9 17:01:48 vagrant kernel: [    8.365162] RAPL PMU: hw unit of domain psys 2^-0 Joules
Mar  9 17:01:48 vagrant kernel: [    9.326398] Adding 1003516k swap on /dev/mapper/vagrant--vg-swap_1.  Priority:-2 extents:1 across:1003516k FS
Mar  9 17:01:48 vagrant kernel: [    9.761795] new mount options do not match the existing superblock, will be ignored
Mar  9 17:01:48 vagrant systemd[1]: Starting LXD - container startup/shutdown...
Mar  9 17:01:48 vagrant systemd[1]: Started System Logging Service.
Mar  9 17:01:48 vagrant cron[698]: (CRON) INFO (pidfile fd = 3)
Mar  9 17:01:48 vagrant systemd[1]: Started Discard unused blocks.
Mar  9 17:01:48 vagrant systemd[1]: Started Permit User Sessions.
Mar  9 17:01:48 vagrant grub-common[678]:  * Recording successful boot for GRUB
Mar  9 17:01:48 vagrant systemd[1]: Starting Authorization Manager...
Mar  9 17:01:48 vagrant systemd[1]: Starting Terminate Plymouth Boot Screen...
Mar  9 17:01:48 vagrant cron[698]: (CRON) INFO (Running @reboot jobs)
Mar  9 17:01:48 vagrant systemd[1]: Starting Hold until boot process finishes up...
Mar  9 17:01:48 vagrant systemd[1]: Started Hold until boot process finishes up.
Mar  9 17:01:48 vagrant systemd[1]: Starting Set console scheme...
Mar  9 17:01:48 vagrant apport[684]:  * Starting automatic crash report generation: apport
Mar  9 17:01:48 vagrant systemd[1]: Started Terminate Plymouth Boot Screen.
Mar  9 17:01:48 vagrant systemd[1]: Started Set console scheme.
Mar  9 17:01:48 vagrant systemd[1]: Created slice system-getty.slice.
Mar  9 17:01:48 vagrant systemd[1]: Started Getty on tty1.
Mar  9 17:01:48 vagrant systemd[1]: Reached target Login Prompts.
Mar  9 17:01:48 vagrant grub-common[678]:    ...done.
Mar  9 17:01:48 vagrant systemd[1]: Started LSB: Record successful boot for GRUB.
Mar  9 17:01:48 vagrant systemd[1]: Started Login Service.
Mar  9 17:01:48 vagrant apport[684]:    ...done.
Mar  9 17:01:48 vagrant systemd[1]: Started LSB: automatic crash report generation.
Mar  9 17:01:48 vagrant polkitd[711]: started daemon version 0.105 using authority implementation `local' version `0.105'
Mar  9 17:01:48 vagrant dbus-daemon[667]: [system] Successfully activated service 'org.freedesktop.PolicyKit1'
Mar  9 17:01:48 vagrant systemd[1]: Started Authorization Manager.
Mar  9 17:01:48 vagrant accounts-daemon[666]: started daemon version 0.6.45
Mar  9 17:01:48 vagrant systemd[1]: Started Accounts Service.
Mar  9 17:01:48 vagrant snapd[682]: AppArmor status: apparmor is enabled and all features are available
Mar  9 17:01:48 vagrant pollinate[688]: client sent challenge to [https://entropy.ubuntu.com/]
Mar  9 17:01:49 vagrant systemd[1]: Started LXD - container startup/shutdown.
Mar  9 17:01:49 vagrant systemd[1]: Created slice system-lvm2\x2dpvscan.slice.
Mar  9 17:01:49 vagrant systemd[1]: Starting LVM2 PV scan on device 8:1...
Mar  9 17:01:49 vagrant snapd[682]: daemon.go:346: started snapd/2.42.1+18.04 (series 16; classic) ubuntu/18.04 (amd64) linux/4.15.0-76-generic.
Mar  9 17:01:49 vagrant lvm[772]:   2 logical volume(s) in volume group "vagrant-vg" now active
Mar  9 17:01:49 vagrant systemd[1]: Started LVM2 PV scan on device 8:1.
Mar  9 17:01:49 vagrant snapd[682]: daemon.go:439: adjusting startup timeout by 30s (pessimistic estimate of 30s plus 5s per snap)
Mar  9 17:01:49 vagrant systemd[1]: Started Snappy daemon.
Mar  9 17:01:49 vagrant systemd[1]: Starting Wait until snapd is fully seeded...
Mar  9 17:01:50 vagrant pollinate[688]: client verified challenge/response with [https://entropy.ubuntu.com/]
Mar  9 17:01:50 vagrant networkd-dispatcher[677]: No valid path found for iwconfig
Mar  9 17:01:50 vagrant pollinate[688]: client hashed response from [https://entropy.ubuntu.com/]
Mar  9 17:01:50 vagrant systemd[1]: Started Wait until snapd is fully seeded.
Mar  9 17:01:50 vagrant pollinate[688]: client successfully seeded [/dev/urandom]
Mar  9 17:01:50 vagrant systemd[1]: Started Pollinate to seed the pseudo random number generator.
Mar  9 17:01:50 vagrant systemd[1]: Starting OpenBSD Secure Shell server...
Mar  9 17:01:50 vagrant systemd[1]: Started Dispatcher daemon for systemd-networkd.
Mar  9 17:01:50 vagrant systemd[1]: Started OpenBSD Secure Shell server.
Mar  9 17:01:50 vagrant systemd[1]: Created slice User Slice of vagrant.
Mar  9 17:01:50 vagrant systemd[1]: Starting User Manager for UID 1000...
Mar  9 17:01:50 vagrant systemd[1]: Started Session 1 of user vagrant.
Mar  9 17:01:51 vagrant systemd[817]: Listening on GnuPG cryptographic agent and passphrase cache.
Mar  9 17:01:51 vagrant systemd[817]: Listening on REST API socket for snapd user session agent.
Mar  9 17:01:51 vagrant systemd[817]: Listening on GnuPG cryptographic agent and passphrase cache (restricted).
Mar  9 17:01:51 vagrant systemd[817]: Listening on GnuPG cryptographic agent (ssh-agent emulation).
Mar  9 17:01:51 vagrant systemd[817]: Listening on GnuPG cryptographic agent and passphrase cache (access for web browsers).
Mar  9 17:01:51 vagrant systemd[817]: Reached target Paths.
Mar  9 17:01:51 vagrant systemd[817]: Listening on GnuPG network certificate management daemon.
Mar  9 17:01:51 vagrant systemd[817]: Reached target Sockets.
Mar  9 17:01:51 vagrant systemd[817]: Reached target Timers.
Mar  9 17:01:51 vagrant systemd[817]: Reached target Basic System.
Mar  9 17:01:51 vagrant systemd[1]: Started User Manager for UID 1000.
Mar  9 17:01:51 vagrant systemd[817]: Reached target Default.
Mar  9 17:01:51 vagrant systemd[817]: Startup finished in 151ms.
Mar  9 17:01:52 vagrant vboxadd[665]: VirtualBox Guest Additions: Starting.
Mar  9 17:01:52 vagrant vboxadd[665]: VirtualBox Guest Additions: Building the VirtualBox Guest Additions kernel
Mar  9 17:01:52 vagrant vboxadd[665]: modules.  This may take a while.
Mar  9 17:01:52 vagrant vboxadd[665]: VirtualBox Guest Additions: To build modules for other installed kernels, run
Mar  9 17:01:52 vagrant vboxadd[665]: VirtualBox Guest Additions:   /sbin/rcvboxadd quicksetup <version>
Mar  9 17:01:52 vagrant vboxadd[665]: VirtualBox Guest Additions: or
Mar  9 17:01:52 vagrant vboxadd[665]: VirtualBox Guest Additions:   /sbin/rcvboxadd quicksetup all
Mar  9 17:01:52 vagrant vboxadd[665]: VirtualBox Guest Additions: Kernel headers not found for target kernel
Mar  9 17:01:52 vagrant vboxadd[665]: 4.15.0-76-generic. Please install them and execute
Mar  9 17:01:52 vagrant vboxadd[665]:   /sbin/rcvboxadd setup
Mar  9 17:01:53 vagrant vboxadd[665]: VirtualBox Guest Additions: Running kernel modules will not be replaced until
Mar  9 17:01:53 vagrant vboxadd[665]: the system is restarted
Mar  9 17:01:53 vagrant systemd-udevd[412]: Network interface NamePolicy= disabled on kernel command line, ignoring.
Mar  9 17:01:54 vagrant snapd[682]: daemon.go:540: gracefully waiting for running hooks
Mar  9 17:01:54 vagrant snapd[682]: daemon.go:542: done waiting for running hooks
Mar  9 17:01:54 vagrant snapd[682]: daemon stop requested to wait for socket activation
Mar  9 17:01:55 vagrant systemd[1]: Started vboxadd.service.
Mar  9 17:01:55 vagrant systemd[1]: Starting vboxadd-service.service...
Mar  9 17:01:55 vagrant vboxadd-service[1014]: vboxadd-service.sh: Starting VirtualBox Guest Addition service.
Mar  9 17:01:55 vagrant vboxadd-service.sh: Starting VirtualBox Guest Addition service.
Mar  9 17:01:55 vagrant kernel: [   17.207974] 17:01:55.527516 main     VBoxService 6.1.2 r135662 (verbosity: 0) linux.amd64 (Jan 13 2020 12:06:55) release log
Mar  9 17:01:55 vagrant kernel: [   17.207974] 17:01:55.527523 main     Log opened 2020-03-09T17:01:55.527422000Z
Mar  9 17:01:55 vagrant kernel: [   17.208084] 17:01:55.527682 main     OS Product: Linux
Mar  9 17:01:55 vagrant kernel: [   17.208898] 17:01:55.528466 main     OS Release: 4.15.0-76-generic
Mar  9 17:01:55 vagrant kernel: [   17.209000] 17:01:55.528583 main     OS Version: #86-Ubuntu SMP Fri Jan 17 17:24:28 UTC 2020
Mar  9 17:01:55 vagrant kernel: [   17.209134] 17:01:55.528682 main     Executable: /opt/VBoxGuestAdditions-6.1.2/sbin/VBoxService
Mar  9 17:01:55 vagrant kernel: [   17.209134] 17:01:55.528686 main     Process ID: 1033
Mar  9 17:01:55 vagrant kernel: [   17.209134] 17:01:55.528687 main     Package type: LINUX_64BITS_GENERIC
Mar  9 17:01:55 vagrant kernel: [   17.211812] 17:01:55.531408 main     6.1.2 r135662 started. Verbose level = 0
Mar  9 17:01:55 vagrant kernel: [   17.243288] 17:01:55.562837 main     vbglR3GuestCtrlDetectPeekGetCancelSupport: Supported (#1)
Mar  9 17:01:55 vagrant vboxadd-service.sh: VirtualBox Guest Addition service started.
Mar  9 17:01:55 vagrant systemd[1]: Started vboxadd-service.service.
Mar  9 17:01:55 vagrant systemd[1]: Reached target Multi-User System.
Mar  9 17:01:55 vagrant systemd[1]: Reached target Graphical Interface.
Mar  9 17:01:55 vagrant systemd[1]: Starting Update UTMP about System Runlevel Changes...
Mar  9 17:01:55 vagrant systemd[1]: Started Update UTMP about System Runlevel Changes.
Mar  9 17:01:58 vagrant 50-motd-news[685]:  * Latest Kubernetes 1.18 beta is now available for your laptop, NUC, cloud
Mar  9 17:01:58 vagrant 50-motd-news[685]:    instance or Raspberry Pi, with automatic updates to the final GA release.
Mar  9 17:01:58 vagrant 50-motd-news[685]:      sudo snap install microk8s --channel=1.18/beta --classic
Mar  9 17:01:58 vagrant 50-motd-news[685]:  * Multipass 1.1 adds proxy support for developers behind enterprise
Mar  9 17:01:58 vagrant 50-motd-news[685]:    firewalls. Rapid prototyping for cloud operations just got easier.
Mar  9 17:01:58 vagrant 50-motd-news[685]:      https://multipass.run/
Mar  9 17:01:58 vagrant systemd[1]: Started Message of the Day.
Mar  9 17:01:58 vagrant systemd[1]: Startup finished in 5.456s (kernel) + 15.072s (userspace) = 20.529s.
Mar  9 17:02:01 vagrant systemd[1]: Started Session 3 of user vagrant.
Mar  9 17:02:05 vagrant dbus-daemon[667]: [system] Activating via systemd: service name='org.freedesktop.hostname1' unit='dbus-org.freedesktop.hostname1.service' requested by ':1.12' (uid=1000 pid=1323 comm="hostnamectl " label="unconfined")
Mar  9 17:02:05 vagrant systemd[1]: Starting Hostname Service...
Mar  9 17:02:05 vagrant dbus-daemon[667]: [system] Successfully activated service 'org.freedesktop.hostname1'
Mar  9 17:02:05 vagrant systemd[1]: Started Hostname Service.
Mar  9 17:02:05 vagrant systemd-resolved[490]: Server returned error NXDOMAIN, mitigating potential DNS violation DVE-2018-0001, retrying transaction with reduced feature level UDP.
Mar  9 17:02:05 vagrant systemd-resolved[490]: Server returned error NXDOMAIN, mitigating potential DNS violation DVE-2018-0001, retrying transaction with reduced feature level UDP.
Mar  9 17:02:05 vagrant systemd-hostnamed[1324]: Changed host name to 'IT340Midterm'
Mar  9 17:02:05 vagrant systemd-resolved[490]: System hostname changed to 'IT340Midterm'.
Mar  9 17:02:05 vagrant systemd[1]: Stopped Wait for Network to be Configured.
Mar  9 17:02:05 vagrant systemd[1]: Stopping Wait for Network to be Configured...
Mar  9 17:02:05 vagrant systemd[1]: Stopping Network Service...
Mar  9 17:02:05 vagrant systemd[1]: Stopped Network Service.
Mar  9 17:02:06 vagrant systemd[1]: Starting Network Service...
Mar  9 17:02:06 vagrant systemd-networkd[1372]: eth0: Gained IPv6LL
Mar  9 17:02:06 vagrant systemd-networkd[1372]: Enumeration completed
Mar  9 17:02:06 vagrant systemd[1]: Started Network Service.
Mar  9 17:02:06 vagrant systemd[1]: Starting Wait for Network to be Configured...
Mar  9 17:02:06 vagrant systemd-networkd[1372]: eth1: Link is not managed by us
Mar  9 17:02:06 vagrant systemd-networkd[1372]: lo: Link is not managed by us
Mar  9 17:02:06 vagrant systemd-networkd-wait-online[1393]: ignoring: lo
Mar  9 17:02:06 vagrant systemd-networkd-wait-online[1393]: ignoring: lo
Mar  9 17:02:06 vagrant systemd-networkd[1372]: eth0: DHCPv4 address 10.0.2.15/24 via 10.0.2.2
Mar  9 17:02:06 vagrant systemd-networkd-wait-online[1393]: ignoring: lo
Mar  9 17:02:06 vagrant systemd-networkd-wait-online[1393]: message repeated 3 times: [ ignoring: lo]
Mar  9 17:02:06 vagrant systemd-networkd[1372]: eth0: Configured
Mar  9 17:02:06 vagrant systemd-networkd-wait-online[1393]: ignoring: lo
Mar  9 17:02:06 vagrant systemd-networkd-wait-online[1393]: managing: eth0
Mar  9 17:02:06 vagrant systemd[1]: Started Wait for Network to be Configured.
Mar  9 17:02:07 vagrant systemd[1]: Stopped Wait for Network to be Configured.
Mar  9 17:02:07 vagrant systemd[1]: Stopping Network Service...
Mar  9 17:02:07 vagrant systemd[1]: Stopped Network Service.
Mar  9 17:02:07 vagrant systemd-udevd[412]: Network interface NamePolicy= disabled on kernel command line, ignoring.
Mar  9 17:02:07 vagrant systemd[1]: Starting Network Service...
Mar  9 17:02:08 vagrant systemd-networkd[1509]: eth0: Gained IPv6LL
Mar  9 17:02:08 vagrant systemd-networkd[1509]: Enumeration completed
Mar  9 17:02:08 vagrant systemd[1]: Started Network Service.
Mar  9 17:02:08 vagrant systemd-networkd[1509]: lo: Link is not managed by us
Mar  9 17:02:08 vagrant systemd-networkd[1509]: eth0: Link is not managed by us
Mar  9 17:02:08 vagrant kernel: [   29.789462] IPv6: ADDRCONF(NETDEV_UP): eth1: link is not ready
Mar  9 17:02:08 vagrant kernel: [   29.790524] e1000: eth1 NIC Link is Up 1000 Mbps Full Duplex, Flow Control: RX
Mar  9 17:02:08 vagrant kernel: [   29.791166] IPv6: ADDRCONF(NETDEV_CHANGE): eth1: link becomes ready
Mar  9 17:02:08 vagrant systemd-networkd[1509]: lo: Link is not managed by us
Mar  9 17:02:08 vagrant systemd-networkd[1509]: eth0: DHCPv4 address 10.0.2.15/24 via 10.0.2.2
Mar  9 17:02:08 vagrant systemd-networkd[1509]: eth1: Gained carrier
Mar  9 17:02:08 vagrant systemd-networkd[1509]: eth0: Configured
Mar  9 17:02:08 vagrant kernel: [   30.553739] vboxsf: g_fHostFeatures=0x8000000f g_fSfFeatures=0x1 g_uSfLastFunction=29
Mar  9 17:02:08 vagrant kernel: [   30.554225] vboxsf: Successfully loaded version 6.1.2
Mar  9 17:02:08 vagrant kernel: [   30.554317] vboxsf: Successfully loaded version 6.1.2 on 4.15.0-76-generic SMP mod_unload  (LINUX_VERSION_CODE=0x40f12)
Mar  9 17:02:09 vagrant systemd-networkd[1509]: eth1: Gained IPv6LL
Mar  9 17:02:10 vagrant systemd-resolved[490]: Server returned error NXDOMAIN, mitigating potential DNS violation DVE-2018-0001, retrying transaction with reduced feature level UDP.
Mar  9 17:02:51 vagrant systemd[1]: Reloading.
Mar  9 17:02:51 vagrant systemd[1]: Reloading.
Mar  9 17:02:52 vagrant systemd[1]: Started Clean PHP session files every 30 mins.
Mar  9 17:02:52 vagrant php7.2-common: php_invoke calendar: already enabled for PHP 7.2 cli sapi
Mar  9 17:02:52 vagrant php7.2-common: php_invoke calendar: already enabled for PHP 7.2 apache2 sapi
Mar  9 17:02:53 vagrant php7.2-common: php_invoke ctype: already enabled for PHP 7.2 cli sapi
Mar  9 17:02:53 vagrant php7.2-common: php_invoke ctype: already enabled for PHP 7.2 apache2 sapi
Mar  9 17:02:54 vagrant php7.2-common: php_invoke exif: already enabled for PHP 7.2 cli sapi
Mar  9 17:02:54 vagrant php7.2-common: php_invoke exif: already enabled for PHP 7.2 apache2 sapi
Mar  9 17:02:54 vagrant php7.2-common: php_invoke fileinfo: already enabled for PHP 7.2 cli sapi
Mar  9 17:02:54 vagrant php7.2-common: php_invoke fileinfo: already enabled for PHP 7.2 apache2 sapi
Mar  9 17:02:55 vagrant php7.2-common: php_invoke ftp: already enabled for PHP 7.2 cli sapi
Mar  9 17:02:55 vagrant php7.2-common: php_invoke ftp: already enabled for PHP 7.2 apache2 sapi
Mar  9 17:02:56 vagrant php7.2-common: php_invoke gettext: already enabled for PHP 7.2 cli sapi
Mar  9 17:02:56 vagrant php7.2-common: php_invoke gettext: already enabled for PHP 7.2 apache2 sapi
Mar  9 17:02:56 vagrant php7.2-common: php_invoke iconv: already enabled for PHP 7.2 cli sapi
Mar  9 17:02:56 vagrant php7.2-common: php_invoke iconv: already enabled for PHP 7.2 apache2 sapi
Mar  9 17:02:57 vagrant php7.2-common: php_invoke pdo: already enabled for PHP 7.2 cli sapi
Mar  9 17:02:57 vagrant php7.2-common: php_invoke pdo: already enabled for PHP 7.2 apache2 sapi
Mar  9 17:02:58 vagrant php7.2-common: php_invoke phar: already enabled for PHP 7.2 cli sapi
Mar  9 17:02:58 vagrant php7.2-common: php_invoke phar: already enabled for PHP 7.2 apache2 sapi
Mar  9 17:02:58 vagrant php7.2-common: php_invoke posix: already enabled for PHP 7.2 cli sapi
Mar  9 17:02:58 vagrant php7.2-common: php_invoke posix: already enabled for PHP 7.2 apache2 sapi
Mar  9 17:02:59 vagrant php7.2-common: php_invoke shmop: already enabled for PHP 7.2 cli sapi
Mar  9 17:02:59 vagrant php7.2-common: php_invoke shmop: already enabled for PHP 7.2 apache2 sapi
Mar  9 17:03:00 vagrant php7.2-common: php_invoke sockets: already enabled for PHP 7.2 cli sapi
Mar  9 17:03:00 vagrant php7.2-common: php_invoke sockets: already enabled for PHP 7.2 apache2 sapi
Mar  9 17:03:00 vagrant php7.2-common: php_invoke sysvmsg: already enabled for PHP 7.2 cli sapi
Mar  9 17:03:00 vagrant php7.2-common: php_invoke sysvmsg: already enabled for PHP 7.2 apache2 sapi
Mar  9 17:03:01 vagrant php7.2-common: php_invoke sysvsem: already enabled for PHP 7.2 cli sapi
Mar  9 17:03:01 vagrant php7.2-common: php_invoke sysvsem: already enabled for PHP 7.2 apache2 sapi
Mar  9 17:03:01 vagrant php7.2-common: php_invoke sysvshm: already enabled for PHP 7.2 cli sapi
Mar  9 17:03:01 vagrant php7.2-common: php_invoke sysvshm: already enabled for PHP 7.2 apache2 sapi
Mar  9 17:03:02 vagrant php7.2-common: php_invoke tokenizer: already enabled for PHP 7.2 cli sapi
Mar  9 17:03:02 vagrant php7.2-common: php_invoke tokenizer: already enabled for PHP 7.2 apache2 sapi
Mar  9 17:03:03 vagrant php7.2-readline: php_invoke readline: already enabled for PHP 7.2 cli sapi
Mar  9 17:03:03 vagrant php7.2-readline: php_invoke readline: already enabled for PHP 7.2 apache2 sapi
Mar  9 17:03:03 vagrant php7.2-json: php_invoke json: already enabled for PHP 7.2 cli sapi
Mar  9 17:03:03 vagrant php7.2-json: php_invoke json: already enabled for PHP 7.2 apache2 sapi
Mar  9 17:03:04 vagrant php7.2-opcache: php_invoke opcache: already enabled for PHP 7.2 cli sapi
Mar  9 17:03:04 vagrant php7.2-opcache: php_invoke opcache: already enabled for PHP 7.2 apache2 sapi
Mar  9 17:03:08 vagrant systemd[1]: Reloading.
Mar  9 17:03:10 vagrant systemd[1]: message repeated 3 times: [ Reloading.]
Mar  9 17:03:10 vagrant systemd[1]: Starting The Apache HTTP Server...
Mar  9 17:03:10 vagrant systemd-udevd[412]: Network interface NamePolicy= disabled on kernel command line, ignoring.
Mar  9 17:03:10 vagrant apachectl[6838]: AH00558: apache2: Could not reliably determine the server's fully qualified domain name, using 127.0.1.1. Set the 'ServerName' directive globally to suppress this message
Mar  9 17:03:10 vagrant systemd[1]: Started The Apache HTTP Server.
Mar  9 17:03:10 vagrant systemd[1]: Reloading.
Mar  9 17:03:12 vagrant systemd[1]: message repeated 2 times: [ Reloading.]
Mar  9 17:03:13 vagrant php7.2-cli: php_invoke tokenizer: already enabled for PHP 7.2 cli sapi
Mar  9 17:03:13 vagrant php7.2-cli: php_invoke iconv: already enabled for PHP 7.2 cli sapi
Mar  9 17:03:13 vagrant php7.2-cli: php_invoke json: already enabled for PHP 7.2 cli sapi
Mar  9 17:03:13 vagrant php7.2-cli: php_invoke ctype: already enabled for PHP 7.2 cli sapi
Mar  9 17:03:13 vagrant php7.2-cli: php_invoke sysvmsg: already enabled for PHP 7.2 cli sapi
Mar  9 17:03:13 vagrant php7.2-cli: php_invoke phar: already enabled for PHP 7.2 cli sapi
Mar  9 17:03:13 vagrant php7.2-cli: php_invoke gettext: already enabled for PHP 7.2 cli sapi
Mar  9 17:03:13 vagrant php7.2-cli: php_invoke pdo: already enabled for PHP 7.2 cli sapi
Mar  9 17:03:13 vagrant php7.2-cli: php_invoke posix: already enabled for PHP 7.2 cli sapi
Mar  9 17:03:13 vagrant php7.2-cli: php_invoke fileinfo: already enabled for PHP 7.2 cli sapi
Mar  9 17:03:13 vagrant php7.2-cli: php_invoke calendar: already enabled for PHP 7.2 cli sapi
Mar  9 17:03:13 vagrant php7.2-cli: php_invoke shmop: already enabled for PHP 7.2 cli sapi
Mar  9 17:03:13 vagrant php7.2-cli: php_invoke exif: already enabled for PHP 7.2 cli sapi
Mar  9 17:03:13 vagrant php7.2-cli: php_invoke sockets: already enabled for PHP 7.2 cli sapi
Mar  9 17:03:13 vagrant php7.2-cli: php_invoke ftp: already enabled for PHP 7.2 cli sapi
Mar  9 17:03:13 vagrant php7.2-cli: php_invoke sysvshm: already enabled for PHP 7.2 cli sapi
Mar  9 17:03:13 vagrant php7.2-cli: php_invoke sysvsem: already enabled for PHP 7.2 cli sapi
Mar  9 17:03:13 vagrant php7.2-cli: php_invoke readline: already enabled for PHP 7.2 cli sapi
Mar  9 17:03:13 vagrant php7.2-cli: php_invoke opcache: already enabled for PHP 7.2 cli sapi
Mar  9 17:03:14 vagrant libapache2-mod-php7.2: php_invoke tokenizer: already enabled for PHP 7.2 apache2 sapi
Mar  9 17:03:14 vagrant libapache2-mod-php7.2: php_invoke iconv: already enabled for PHP 7.2 apache2 sapi
Mar  9 17:03:14 vagrant libapache2-mod-php7.2: php_invoke json: already enabled for PHP 7.2 apache2 sapi
Mar  9 17:03:14 vagrant libapache2-mod-php7.2: php_invoke ctype: already enabled for PHP 7.2 apache2 sapi
Mar  9 17:03:14 vagrant libapache2-mod-php7.2: php_invoke sysvmsg: already enabled for PHP 7.2 apache2 sapi
Mar  9 17:03:14 vagrant libapache2-mod-php7.2: php_invoke phar: already enabled for PHP 7.2 apache2 sapi
Mar  9 17:03:14 vagrant libapache2-mod-php7.2: php_invoke gettext: already enabled for PHP 7.2 apache2 sapi
Mar  9 17:03:14 vagrant libapache2-mod-php7.2: php_invoke pdo: already enabled for PHP 7.2 apache2 sapi
Mar  9 17:03:14 vagrant libapache2-mod-php7.2: php_invoke posix: already enabled for PHP 7.2 apache2 sapi
Mar  9 17:03:14 vagrant libapache2-mod-php7.2: php_invoke fileinfo: already enabled for PHP 7.2 apache2 sapi
Mar  9 17:03:14 vagrant libapache2-mod-php7.2: php_invoke calendar: already enabled for PHP 7.2 apache2 sapi
Mar  9 17:03:14 vagrant libapache2-mod-php7.2: php_invoke shmop: already enabled for PHP 7.2 apache2 sapi
Mar  9 17:03:14 vagrant libapache2-mod-php7.2: php_invoke exif: already enabled for PHP 7.2 apache2 sapi
Mar  9 17:03:14 vagrant libapache2-mod-php7.2: php_invoke sockets: already enabled for PHP 7.2 apache2 sapi
Mar  9 17:03:14 vagrant libapache2-mod-php7.2: php_invoke ftp: already enabled for PHP 7.2 apache2 sapi
Mar  9 17:03:14 vagrant libapache2-mod-php7.2: php_invoke sysvshm: already enabled for PHP 7.2 apache2 sapi
Mar  9 17:03:14 vagrant libapache2-mod-php7.2: php_invoke sysvsem: already enabled for PHP 7.2 apache2 sapi
Mar  9 17:03:15 vagrant libapache2-mod-php7.2: php_invoke readline: already enabled for PHP 7.2 apache2 sapi
Mar  9 17:03:15 vagrant libapache2-mod-php7.2: php_invoke opcache: already enabled for PHP 7.2 apache2 sapi
Mar  9 17:03:15 vagrant libapache2-mod-php7.2: apache2_switch_mpm Switch to prefork
Mar  9 17:03:15 vagrant systemd[1]: Reloading.
Mar  9 17:03:16 vagrant systemd[1]: Stopping The Apache HTTP Server...
Mar  9 17:03:16 vagrant apachectl[8462]: AH00558: apache2: Could not reliably determine the server's fully qualified domain name, using 127.0.1.1. Set the 'ServerName' directive globally to suppress this message
Mar  9 17:03:16 vagrant systemd[1]: Stopped The Apache HTTP Server.
Mar  9 17:03:16 vagrant systemd[1]: Starting The Apache HTTP Server...
Mar  9 17:03:16 vagrant systemd-udevd[412]: Network interface NamePolicy= disabled on kernel command line, ignoring.
Mar  9 17:03:16 vagrant apachectl[8467]: AH00558: apache2: Could not reliably determine the server's fully qualified domain name, using 127.0.1.1. Set the 'ServerName' directive globally to suppress this message
Mar  9 17:03:16 vagrant systemd[1]: Started The Apache HTTP Server.
Mar  9 17:03:16 vagrant libapache2-mod-php7.2: apache2_invoke: Enable module php7.2
Mar  9 17:03:16 vagrant systemd[1]: Reloading.
Mar  9 17:03:17 vagrant systemd[1]: Stopping The Apache HTTP Server...
Mar  9 17:03:17 vagrant apachectl[8532]: AH00558: apache2: Could not reliably determine the server's fully qualified domain name, using 127.0.1.1. Set the 'ServerName' directive globally to suppress this message
Mar  9 17:03:17 vagrant systemd[1]: Stopped The Apache HTTP Server.
Mar  9 17:03:17 vagrant systemd[1]: Starting The Apache HTTP Server...
Mar  9 17:03:17 vagrant systemd-udevd[412]: Network interface NamePolicy= disabled on kernel command line, ignoring.
Mar  9 17:03:17 vagrant apachectl[8537]: AH00558: apache2: Could not reliably determine the server's fully qualified domain name, using 127.0.1.1. Set the 'ServerName' directive globally to suppress this message
Mar  9 17:03:17 vagrant systemd[1]: Started The Apache HTTP Server.
Mar  9 17:03:17 vagrant systemd[1]: Reloading.
Mar  9 17:04:39 vagrant systemd[1]: Stopping The Apache HTTP Server...
Mar  9 17:04:39 vagrant apachectl[20155]: AH00558: apache2: Could not reliably determine the server's fully qualified domain name, using 127.0.1.1. Set the 'ServerName' directive globally to suppress this message
Mar  9 17:04:40 vagrant systemd[1]: Stopped The Apache HTTP Server.
Mar  9 17:04:40 vagrant systemd-udevd[412]: Network interface NamePolicy= disabled on kernel command line, ignoring.
Mar  9 17:04:49 vagrant kernel: [  191.560735] nf_conntrack version 0.5.0 (4096 buckets, 16384 max)
Mar  9 17:04:50 vagrant kernel: [  191.640834] ip6_tables: (C) 2000-2006 Netfilter Core Team
Mar  9 17:05:41 vagrant systemd[1]: Started Session 4 of user vagrant.
Mar  9 17:09:01 vagrant CRON[8933]: (root) CMD (  [ -x /usr/lib/php/sessionclean ] && if [ ! -d /run/systemd/system ]; then /usr/lib/php/sessionclean; fi)
Mar  9 17:09:34 vagrant systemd[1]: Starting Clean php session files...
Mar  9 17:09:35 vagrant systemd[1]: Started Clean php session files.
]0;vagrant@IT340Midterm: /var/log[01;32mvagrant@IT340Midterm[00m:[01;34m/var/log[00m$ ls
alternatives.log  [0m[01;34mapt[0m       boot.log       btmp          dpkg.log  [01;34mjournal[0m   [01;34mlandscape[0m  [01;34mlxd[0m    syslog    vboxadd-install.log  vboxadd-setup.log.1  wtmp
[01;34mapache2[0m           auth.log  bootstrap.log  [01;34mdist-upgrade[0m  faillog   kern.log  lastlog    [01;34msamba[0m  tallylog  vboxadd-setup.log    vboxadd-setup.log.2
]0;vagrant@IT340Midterm: /var/log[01;32mvagrant@IT340Midterm[00m:[01;34m/var/log[00m$ cat tallylog
cat: tallylog: Permission denied
]0;vagrant@IT340Midterm: /var/log[01;32mvagrant@IT340Midterm[00m:[01;34m/var/log[00m$ sudo cat tallylog
]0;vagrant@IT340Midterm: /var/log[01;32mvagrant@IT340Midterm[00m:[01;34m/var/log[00m$ sudo faillog
]0;vagrant@IT340Midterm: /var/log[01;32mvagrant@IT340Midterm[00m:[01;34m/var/log[00m$ sudo[K[K[K[K[K]0;vagrant@IT340Midterm: /var/log[01;32mvagrant@IT340Midterm[00m:[01;34m/var/log[00m$ [K]0;vagrant@IT340Midterm: /var/log[01;32mvagrant@IT340Midterm[00m:[01;34m/var/log[00m$ [K]0;vagrant@IT340Midterm: /var/log[01;32mvagrant@IT340Midterm[00m:[01;34m/var/log[00m$ [K]0;vagrant@IT340Midterm: /var/log[01;32mvagrant@IT340Midterm[00m:[01;34m/var/log[00m$ [K]0;vagrant@IT340Midterm: /var/log[01;32mvagrant@IT340Midterm[00m:[01;34m/var/log[00m$ [K]0;vagrant@IT340Midterm: /var/log[01;32mvagrant@IT340Midterm[00m:[01;34m/var/log[00m$ [K]0;vagrant@IT340Midterm: /var/log[01;32mvagrant@IT340Midterm[00m:[01;34m/var/log[00m$ [K]0;vagrant@IT340Midterm: /var/log[01;32mvagrant@IT340Midterm[00m:[01;34m/var/log[00m$ [K]0;vagrant@IT340Midterm: /var/log[01;32mvagrant@IT340Midterm[00m:[01;34m/var/log[00m$ [K]0;vagrant@IT340Midterm: /var/log[01;32mvagrant@IT340Midterm[00m:[01;34m/var/log[00m$ [K]0;vagrant@IT340Midterm: /var/log[01;32mvagrant@IT340Midterm[00m:[01;34m/var/log[00m$ [K]0;vagrant@IT340Midterm: /var/log[01;32mvagrant@IT340Midterm[00m:[01;34m/var/log[00m$ [K]0;vagrant@IT340Midterm: /var/log[01;32mvagrant@IT340Midterm[00m:[01;34m/var/log[00m$ [K]0;vagrant@IT340Midterm: /var/log[01;32mvagrant@IT340Midterm[00m:[01;34m/var/log[00m$ [K]0;vagrant@IT340Midterm: /var/log[01;32mvagrant@IT340Midterm[00m:[01;34m/var/log[00m$ [K]0;vagrant@IT340Midterm: /var/log[01;32mvagrant@IT340Midterm[00m:[01;34m/var/log[00m$ [K]0;vagrant@IT340Midterm: /var/log[01;32mvagrant@IT340Midterm[00m:[01;34m/var/log[00m$ [K]0;vagrant@IT340Midterm: /var/log[01;32mvagrant@IT340Midterm[00m:[01;34m/var/log[00m$ [K]0;vagrant@IT340Midterm: /var/log[01;32mvagrant@IT340Midterm[00m:[01;34m/var/log[00m$ [K]0;vagrant@IT340Midterm: /var/log[01;32mvagrant@IT340Midterm[00m:[01;34m/var/log[00m$ cat auth.log'[K
Feb  4 21:07:15 vagrant sudo: pam_unix(sudo:session): session closed for user root
Feb  4 21:07:15 vagrant sudo:  vagrant : TTY=unknown ; PWD=/home/vagrant ; USER=root ; COMMAND=/bin/sh -eux /tmp/script_3064.sh
Feb  4 21:07:15 vagrant sudo: pam_unix(sudo:session): session opened for user root by (uid=0)
Feb  4 21:11:34 vagrant sudo: pam_unix(sudo:session): session closed for user root
Feb  4 21:11:35 vagrant sudo:  vagrant : TTY=unknown ; PWD=/home/vagrant ; USER=root ; COMMAND=/sbin/shutdown -P now
Feb  4 21:11:35 vagrant sudo: pam_unix(sudo:session): session opened for user root by (uid=0)
Mar  9 17:01:48 vagrant systemd-logind[689]: New seat seat0.
Mar  9 17:01:48 vagrant systemd-logind[689]: Watching system buttons on /dev/input/event0 (Power Button)
Mar  9 17:01:48 vagrant systemd-logind[689]: Watching system buttons on /dev/input/event1 (Sleep Button)
Mar  9 17:01:48 vagrant systemd-logind[689]: Watching system buttons on /dev/input/event2 (AT Translated Set 2 keyboard)
Mar  9 17:01:50 vagrant sshd[814]: Server listening on 0.0.0.0 port 22.
Mar  9 17:01:50 vagrant sshd[814]: Server listening on :: port 22.
Mar  9 17:01:50 vagrant sshd[815]: Accepted publickey for vagrant from 10.0.2.2 port 57007 ssh2: RSA SHA256:1M4RzhMyWuFS/86uPY/ce2prh/dVTHW7iD2RhpquOZA
Mar  9 17:01:50 vagrant sshd[815]: pam_unix(sshd:session): session opened for user vagrant by (uid=0)
Mar  9 17:01:50 vagrant systemd: pam_unix(systemd-user:session): session opened for user vagrant by (uid=0)
Mar  9 17:01:50 vagrant systemd-logind[689]: New session 1 of user vagrant.
Mar  9 17:01:53 vagrant useradd[892]: failed adding user 'vboxadd', data deleted
Mar  9 17:01:53 vagrant useradd[894]: failed adding user 'vboxadd', data deleted
Mar  9 17:02:00 vagrant sshd[815]: pam_unix(sshd:session): session closed for user vagrant
Mar  9 17:02:01 vagrant sshd[1204]: Accepted publickey for vagrant from 10.0.2.2 port 57009 ssh2: RSA SHA256:fuh4eXoYvRnayPel9f+yxC1YZ5U+72MjhKj+aqgs4Lo
Mar  9 17:02:01 vagrant sshd[1204]: pam_unix(sshd:session): session opened for user vagrant by (uid=0)
Mar  9 17:02:01 vagrant systemd-logind[689]: New session 3 of user vagrant.
Mar  9 17:02:05 vagrant sudo:  vagrant : TTY=unknown ; PWD=/home/vagrant ; USER=root ; COMMAND=/bin/bash -l
Mar  9 17:02:05 vagrant sudo: pam_unix(sudo:session): session opened for user root by (uid=0)
Mar  9 17:02:05 vagrant sudo: pam_unix(sudo:session): session closed for user root
Mar  9 17:02:05 vagrant sudo:  vagrant : TTY=unknown ; PWD=/home/vagrant ; USER=root ; COMMAND=/bin/bash -l
Mar  9 17:02:05 vagrant sudo: pam_unix(sudo:session): session opened for user root by (uid=0)
Mar  9 17:02:05 vagrant sudo: pam_unix(sudo:session): session closed for user root
Mar  9 17:02:05 vagrant systemd-logind[689]: Removed session 1.
Mar  9 17:02:05 vagrant sudo:  vagrant : TTY=unknown ; PWD=/home/vagrant ; USER=root ; COMMAND=/bin/bash -l
Mar  9 17:02:05 vagrant sudo: pam_unix(sudo:session): session opened for user root by (uid=0)
Mar  9 17:02:05 vagrant sudo: pam_unix(sudo:session): session closed for user root
Mar  9 17:02:05 vagrant sudo:  vagrant : TTY=unknown ; PWD=/home/vagrant ; USER=root ; COMMAND=/bin/bash -l
Mar  9 17:02:05 vagrant sudo: pam_unix(sudo:session): session opened for user root by (uid=0)
Mar  9 17:02:06 vagrant sudo: pam_unix(sudo:session): session closed for user root
Mar  9 17:02:06 vagrant sudo:  vagrant : TTY=unknown ; PWD=/home/vagrant ; USER=root ; COMMAND=/bin/bash -l
Mar  9 17:02:06 vagrant sudo: pam_unix(sudo:session): session opened for user root by (uid=0)
Mar  9 17:02:06 vagrant sudo: pam_unix(sudo:session): session closed for user root
Mar  9 17:02:06 vagrant sudo:  vagrant : TTY=unknown ; PWD=/home/vagrant ; USER=root ; COMMAND=/bin/bash -l
Mar  9 17:02:06 vagrant sudo: pam_unix(sudo:session): session opened for user root by (uid=0)
Mar  9 17:02:06 vagrant sudo: pam_unix(sudo:session): session closed for user root
Mar  9 17:02:06 vagrant sudo:  vagrant : TTY=unknown ; PWD=/home/vagrant ; USER=root ; COMMAND=/bin/bash -l
Mar  9 17:02:06 vagrant sudo: pam_unix(sudo:session): session opened for user root by (uid=0)
Mar  9 17:02:06 vagrant sudo: pam_unix(sudo:session): session closed for user root
Mar  9 17:02:07 vagrant sudo:  vagrant : TTY=unknown ; PWD=/home/vagrant ; USER=root ; COMMAND=/bin/bash -l
Mar  9 17:02:07 vagrant sudo: pam_unix(sudo:session): session opened for user root by (uid=0)
Mar  9 17:02:08 vagrant sudo: pam_unix(sudo:session): session closed for user root
Mar  9 17:02:08 vagrant sudo:  vagrant : TTY=unknown ; PWD=/home/vagrant ; USER=root ; COMMAND=/bin/bash -l
Mar  9 17:02:08 vagrant sudo: pam_unix(sudo:session): session opened for user root by (uid=0)
Mar  9 17:02:08 vagrant sudo: pam_unix(sudo:session): session closed for user root
Mar  9 17:02:08 vagrant sudo:  vagrant : TTY=unknown ; PWD=/home/vagrant ; USER=root ; COMMAND=/bin/bash -l
Mar  9 17:02:08 vagrant sudo: pam_unix(sudo:session): session opened for user root by (uid=0)
Mar  9 17:02:08 vagrant sudo: pam_unix(sudo:session): session closed for user root
Mar  9 17:02:08 vagrant sudo:  vagrant : TTY=unknown ; PWD=/home/vagrant ; USER=root ; COMMAND=/bin/bash -l
Mar  9 17:02:08 vagrant sudo: pam_unix(sudo:session): session opened for user root by (uid=0)
Mar  9 17:02:09 vagrant sudo: pam_unix(sudo:session): session closed for user root
Mar  9 17:02:09 vagrant sudo:  vagrant : TTY=unknown ; PWD=/home/vagrant ; USER=root ; COMMAND=/bin/bash -l
Mar  9 17:02:09 vagrant sudo: pam_unix(sudo:session): session opened for user root by (uid=0)
Mar  9 17:02:09 vagrant sudo: pam_unix(sudo:session): session closed for user root
Mar  9 17:02:09 vagrant sudo:  vagrant : TTY=unknown ; PWD=/home/vagrant ; USER=root ; COMMAND=/bin/bash -l
Mar  9 17:02:09 vagrant sudo: pam_unix(sudo:session): session opened for user root by (uid=0)
Mar  9 17:02:09 vagrant sudo: pam_unix(sudo:session): session closed for user root
Mar  9 17:02:09 vagrant sudo:  vagrant : TTY=unknown ; PWD=/home/vagrant ; USER=root ; COMMAND=/bin/bash -l
Mar  9 17:02:09 vagrant sudo: pam_unix(sudo:session): session opened for user root by (uid=0)
Mar  9 17:02:09 vagrant sudo:     root : TTY=unknown ; PWD=/home/vagrant ; USER=root ; COMMAND=./setup.sh
Mar  9 17:02:09 vagrant sudo: pam_unix(sudo:session): session opened for user root by (uid=0)
Mar  9 17:02:10 vagrant sudo:     root : TTY=unknown ; PWD=/home/vagrant ; USER=root ; COMMAND=/usr/bin/apt update -qq
Mar  9 17:02:10 vagrant sudo: pam_unix(sudo:session): session opened for user root by (uid=0)
Mar  9 17:02:34 vagrant sudo: pam_unix(sudo:session): session closed for user root
Mar  9 17:02:34 vagrant sudo:     root : TTY=unknown ; PWD=/home/vagrant ; USER=root ; COMMAND=/usr/bin/apt install -y -qq php git
Mar  9 17:02:34 vagrant sudo: pam_unix(sudo:session): session opened for user root by (uid=0)
Mar  9 17:02:50 vagrant groupadd[2123]: group added to /etc/group: name=ssl-cert, GID=116
Mar  9 17:02:50 vagrant groupadd[2123]: group added to /etc/gshadow: name=ssl-cert
Mar  9 17:02:50 vagrant groupadd[2123]: new group: name=ssl-cert, GID=116
Mar  9 17:04:38 vagrant sudo: pam_unix(sudo:session): session closed for user root
Mar  9 17:04:39 vagrant sudo:     root : TTY=unknown ; PWD=/home/vagrant ; USER=root ; COMMAND=/bin/chown vagrant:vagrant /home/vagrant/instructions.txt
Mar  9 17:04:39 vagrant sudo:     root : TTY=unknown ; PWD=/home/vagrant ; USER=root ; COMMAND=/bin/systemctl stop apache2
Mar  9 17:04:39 vagrant sudo:     root : TTY=unknown ; PWD=/home/vagrant ; USER=root ; COMMAND=/bin/chown vagrant:vagrant /var/tmp/tmp.log
Mar  9 17:04:39 vagrant sudo: pam_unix(sudo:session): session opened for user root by (uid=0)
Mar  9 17:04:39 vagrant sudo: message repeated 2 times: [ pam_unix(sudo:session): session opened for user root by (uid=0)]
Mar  9 17:04:39 vagrant sudo: pam_unix(sudo:session): session closed for user root
Mar  9 17:04:39 vagrant sudo: pam_unix(sudo:session): session closed for user root
Mar  9 17:04:40 vagrant sudo: pam_unix(sudo:session): session closed for user root
Mar  9 17:04:41 vagrant sudo:     root : TTY=unknown ; PWD=/home/vagrant ; USER=root ; COMMAND=/usr/bin/php -S 0.0.0.0:80
Mar  9 17:04:41 vagrant sudo: pam_unix(sudo:session): session opened for user root by (uid=0)
Mar  9 17:04:49 vagrant sudo:     root : TTY=unknown ; PWD=/home/vagrant ; USER=root ; COMMAND=/usr/sbin/ufw allow 22/tcp
Mar  9 17:04:49 vagrant sudo: pam_unix(sudo:session): session opened for user root by (uid=0)
Mar  9 17:04:50 vagrant sudo: pam_unix(sudo:session): session closed for user root
Mar  9 17:04:50 vagrant sudo:     root : TTY=unknown ; PWD=/home/vagrant ; USER=root ; COMMAND=/usr/sbin/ufw allow 2222/tcp
Mar  9 17:04:50 vagrant sudo: pam_unix(sudo:session): session opened for user root by (uid=0)
Mar  9 17:04:50 vagrant sudo: pam_unix(sudo:session): session closed for user root
Mar  9 17:04:50 vagrant sudo:     root : TTY=unknown ; PWD=/home/vagrant ; USER=root ; COMMAND=/usr/sbin/ufw --force enable
Mar  9 17:04:50 vagrant sudo: pam_unix(sudo:session): session opened for user root by (uid=0)
Mar  9 17:04:51 vagrant sudo: pam_unix(sudo:session): session closed for user root
Mar  9 17:04:51 vagrant sudo: message repeated 2 times: [ pam_unix(sudo:session): session closed for user root]
Mar  9 17:04:52 vagrant sshd[1204]: pam_unix(sshd:session): session closed for user vagrant
